Component: ARM Compiler 5.05 update 1 (build 106) Tool: armlink [4d0efa]

==============================================================================

Section Cross References

    main.o(i.USB_PORT_SET) refers to stm32f10x_rcc.o(i.RCC_APB2PeriphClockCmd) for RCC_APB2PeriphClockCmd
    main.o(i.USB_PORT_SET) refers to stm32f10x_gpio.o(i.GPIO_ResetBits) for GPIO_ResetBits
    main.o(i.USB_SendString) refers to usb_mem.o(i.UserToPMABufferCopy) for UserToPMABufferCopy
    main.o(i.USB_SendString) refers to usb_regs.o(i.SetEPTxValid) for SetEPTxValid
    main.o(i.USB_SendString) refers to usb_endp.o(.bss) for Transi_Buffer
    main.o(i.fputc) refers to stm32f10x_usart.o(i.USART_SendData) for USART_SendData
    main.o(i.fputc) refers to stm32f10x_usart.o(i.USART_GetFlagStatus) for USART_GetFlagStatus
    main.o(i.main) refers to memseta.o(.text) for __aeabi_memclr4
    main.o(i.main) refers to sys.o(i.NVIC_Configuration) for NVIC_Configuration
    main.o(i.main) refers to time_user.o(i.Time_Init) for Time_Init
    main.o(i.main) refers to delay.o(i.delay_init) for delay_init
    main.o(i.main) refers to ahrs_ringbuffer.o(i.ahrs_Configure) for ahrs_Configure
    main.o(i.main) refers to usart.o(i.uart_init) for uart_init
    main.o(i.main) refers to led.o(i.LED_Init) for LED_Init
    main.o(i.main) refers to led.o(i.LED_RED_Init) for LED_RED_Init
    main.o(i.main) refers to led.o(i.LED_RGB_Init) for LED_RGB_Init
    main.o(i.main) refers to dc_motor.o(i.DC_Motor_Init) for DC_Motor_Init
    main.o(i.main) refers to switch.o(i.SWITCH_IO_Init) for SWITCH_IO_Init
    main.o(i.main) refers to adc_dma.o(i.ADC_DMA_Init) for ADC_DMA_Init
    main.o(i.main) refers to relay.o(i.Relay_Init) for Relay_Init
    main.o(i.main) refers to hw_config.o(i.USB_GPIO_Configuration) for USB_GPIO_Configuration
    main.o(i.main) refers to hw_config.o(i.USB_Interrupts_Config) for USB_Interrupts_Config
    main.o(i.main) refers to hw_config.o(i.Set_USBClock) for Set_USBClock
    main.o(i.main) refers to usb_init.o(i.USB_Init) for USB_Init
    main.o(i.main) refers to hw_config.o(i.USB_Cable_Config) for USB_Cable_Config
    main.o(i.main) refers to main.o(i.USB_PORT_SET) for USB_PORT_SET
    main.o(i.main) refers to delay.o(i.delay_ms) for delay_ms
    main.o(i.main) refers to printfb.o(i.__0printf$bare) for __2printf
    main.o(i.main) refers to mpu6050.o(i.Get_Percussion_Flag) for Get_Percussion_Flag
    main.o(i.main) refers to adc_dma.o(i.ADC_data_filter) for ADC_data_filter
    main.o(i.main) refers to usbio.o(i.USB_GetData) for USB_GetData
    main.o(i.main) refers to protocol.o(i.Parsed_Data_FromPC) for Parsed_Data_FromPC
    main.o(i.main) refers to adc_dma.o(i.Update_ADC_Value) for Update_ADC_Value
    main.o(i.main) refers to switch.o(i.SWITCH_IO_Detection) for SWITCH_IO_Detection
    main.o(i.main) refers to switch.o(i.Update_IO_Value) for Update_IO_Value
    main.o(i.main) refers to mpu6050.o(i.Update_Percussion_Value) for Update_Percussion_Value
    main.o(i.main) refers to protocol.o(i.SendCRCDataToPC) for SendCRCDataToPC
    main.o(i.main) refers to usbio.o(i.USB_SendData) for USB_SendData
    main.o(i.main) refers to protocol.o(i.Parse_Pack_Data_MotorA) for Parse_Pack_Data_MotorA
    main.o(i.main) refers to protocol.o(i.Parse_Pack_Data_MotorB) for Parse_Pack_Data_MotorB
    main.o(i.main) refers to protocol.o(i.Parse_Pack_Data_LED) for Parse_Pack_Data_LED
    main.o(i.main) refers to protocol.o(i.Parse_Pack_Data_RGB) for Parse_Pack_Data_RGB
    main.o(i.main) refers to dc_motor.o(i.Motor_state) for Motor_state
    main.o(i.main) refers to led.o(i.SetLED_RED_Value) for SetLED_RED_Value
    main.o(i.main) refers to led.o(i.SetLED_RGB_Value) for SetLED_RGB_Value
    main.o(i.main) refers to dc_motor.o(i.Motor_control) for Motor_control
    main.o(i.main) refers to stm32f10x_tim.o(i.TIM_SetCompare4) for TIM_SetCompare4
    main.o(i.main) refers to stm32f10x_tim.o(i.TIM_SetCompare1) for TIM_SetCompare1
    main.o(i.main) refers to stm32f10x_tim.o(i.TIM_SetCompare2) for TIM_SetCompare2
    main.o(i.main) refers to stm32f10x_tim.o(i.TIM_SetCompare3) for TIM_SetCompare3
    main.o(i.main) refers to usb_endp.o(.data) for USB_ReceiveFlg
    main.o(i.main) refers to main.o(.data) for filter_flag
    main.o(i.main) refers to stm32f10x_it.o(.data) for timeout
    main.o(i.main) refers to dc_motor.o(.data) for Duty1
    stm32f10x_it.o(i.EXTI0_IRQHandler) refers to stm32f10x_exti.o(i.EXTI_GetITStatus) for EXTI_GetITStatus
    stm32f10x_it.o(i.EXTI0_IRQHandler) refers to stm32f10x_exti.o(i.EXTI_ClearITPendingBit) for EXTI_ClearITPendingBit
    stm32f10x_it.o(i.EXTI15_10_IRQHandler) refers to stm32f10x_exti.o(i.EXTI_GetITStatus) for EXTI_GetITStatus
    stm32f10x_it.o(i.EXTI15_10_IRQHandler) refers to stm32f10x_exti.o(i.EXTI_ClearITPendingBit) for EXTI_ClearITPendingBit
    stm32f10x_it.o(i.EXTI15_10_IRQHandler) refers to stm32f10x_it.o(.data) for ENC5_COUNT
[...]
    i.USART1_IRQHandler                      0x08004394   Section        0  stm32f10x_it.o(i.USART1_IRQHandler)
    i.USART2_IRQHandler                      0x080043e0   Section        0  stm32f10x_it.o(i.USART2_IRQHandler)
    i.USART_ClearITPendingBit                0x0800442c   Section        0  stm32f10x_usart.o(i.USART_ClearITPendingBit)
    i.USART_Cmd                              0x0800444a   Section        0  stm32f10x_usart.o(i.USART_Cmd)
    i.USART_GetFlagStatus                    0x08004462   Section        0  stm32f10x_usart.o(i.USART_GetFlagStatus)
    i.USART_GetITStatus                      0x0800447c   Section        0  stm32f10x_usart.o(i.USART_GetITStatus)
    i.USART_ITConfig                         0x080044d0   Section        0  stm32f10x_usart.o(i.USART_ITConfig)
    i.USART_Init                             0x0800451c   Section        0  stm32f10x_usart.o(i.USART_Init)
    i.USART_ReceiveData                      0x080045f4   Section        0  stm32f10x_usart.o(i.USART_ReceiveData)
    i.USART_SendData                         0x080045fe   Section        0  stm32f10x_usart.o(i.USART_SendData)
    i.USBWakeUp_IRQHandler                   0x08004606   Section        0  stm32f10x_it.o(i.USBWakeUp_IRQHandler)
    i.USB_Cable_Config                       0x08004614   Section        0  hw_config.o(i.USB_Cable_Config)
    i.USB_GPIO_Configuration                 0x08004634   Section        0  hw_config.o(i.USB_GPIO_Configuration)
    i.USB_GetData                            0x08004660   Section        0  usbio.o(i.USB_GetData)
    i.USB_Init                               0x08004684   Section        0  usb_init.o(i.USB_Init)
    i.USB_Interrupts_Config                  0x080046c0   Section        0  hw_config.o(i.USB_Interrupts_Config)
    i.USB_Istr                               0x08004714   Section        0  usb_istr.o(i.USB_Istr)
    i.USB_LP_CAN1_RX0_IRQHandler             0x0800480c   Section        0  stm32f10x_it.o(i.USB_LP_CAN1_RX0_IRQHandler)
    i.USB_PORT_SET                           0x08004814   Section        0  main.o(i.USB_PORT_SET)
    i.USB_SendData                           0x0800486c   Section        0  usbio.o(i.USB_SendData)
    i.Update_ADC_Value                       0x08004890   Section        0  adc_dma.o(i.Update_ADC_Value)
    i.Update_IO_Value                        0x0800496c   Section        0  switch.o(i.Update_IO_Value)
    i.Update_Percussion_Value                0x0800498c   Section        0  mpu6050.o(i.Update_Percussion_Value)
    i.UsageFault_Handler                     0x080049b0   Section        0  stm32f10x_it.o(i.UsageFault_Handler)
    i.UserToPMABufferCopy                    0x080049b4   Section        0  usb_mem.o(i.UserToPMABufferCopy)
    i.__0printf$bare                         0x080049ec   Section        0  printfb.o(i.__0printf$bare)
    i.__scatterload_copy                     0x080049fc   Section       14  handlers.o(i.__scatterload_copy)
    i.__scatterload_null                     0x08004a0a   Section        2  handlers.o(i.__scatterload_null)
    i.__scatterload_zeroinit                 0x08004a0c   Section       14  handlers.o(i.__scatterload_zeroinit)
    i._printf_core                           0x08004a1a   Section        0  printfb.o(i._printf_core)
    _printf_core                             0x08004a1b   Thumb Code    34  printfb.o(i._printf_core)
    i.ahrs_Configure                         0x08004a3c   Section        0  ahrs_ringbuffer.o(i.ahrs_Configure)
    i.ahrs_Decode_A                          0x08004a70   Section        0  ahrs_ringbuffer.o(i.ahrs_Decode_A)
    i.ahrs_Decode_B                          0x08004aa8   Section        0  ahrs_ringbuffer.o(i.ahrs_Decode_B)
    i.ahrs_Decode_C                          0x08004ae0   Section        0  ahrs_ringbuffer.o(i.ahrs_Decode_C)
    i.ahrs_IsReadyToRead                     0x08004b18   Section        0  ahrs_ringbuffer.o(i.ahrs_IsReadyToRead)
    i.ahrs_Update                            0x08004b5c   Section        0  ahrs_ringbuffer.o(i.ahrs_Update)
    i.delay_init                             0x08004d30   Section        0  delay.o(i.delay_init)
    i.delay_ms                               0x08004d74   Section        0  delay.o(i.delay_ms)
    i.fputc                                  0x08004dc0   Section        0  main.o(i.fputc)
    i.get_target_value                       0x08004de4   Section        0  dc_motor.o(i.get_target_value)
    i.main                                   0x08004e38   Section        0  main.o(i.main)
    i.motor_led_alarm                        0x08005070   Section        0  dc_motor.o(i.motor_led_alarm)
    i.rbClear                                0x08005098   Section        0  ringbuffer.o(i.rbClear)
    i.rbInitialize                           0x080050a6   Section        0  ringbuffer.o(i.rbInitialize)
    i.rbIsEmpty                              0x080050b8   Section        0  ringbuffer.o(i.rbIsEmpty)
    i.rbPop                                  0x080050ca   Section        0  ringbuffer.o(i.rbPop)
    i.rbPush                                 0x080050f6   Section        0  ringbuffer.o(i.rbPush)
    i.send_motor_pwm                         0x0800511c   Section        0  dc_motor.o(i.send_motor_pwm)
    i.stop_motor_pwm                         0x080051bc   Section        0  dc_motor.o(i.stop_motor_pwm)
    i.uart4_init                             0x080051d4   Section        0  usart.o(i.uart4_init)
    i.uart5_init                             0x08005260   Section        0  usart.o(i.uart5_init)
    i.uart_init                              0x080052f0   Section        0  usart.o(i.uart_init)
    i.usart1_init                            0x08005310   Section        0  usart.o(i.usart1_init)
    i.usart2_init                            0x080053b8   Section        0  usart.o(i.usart2_init)
    .constdata                               0x0800545c   Section      150  usb_desc.o(.constdata)
    .data                                    0x20000000   Section     1036  main.o(.data)
    ccitt_table                              0x20000000   Data         512  main.o(.data)
    auchCRCHi                                0x20000200   Data         256  main.o(.data)
    auchCRCLo                                0x20000300   Data         256  main.o(.data)
    .data                                    0x2000040c   Section       20  stm32f10x_it.o(.data)
    .data                                    0x20000420   Section       20  system_stm32f10x.o(.data)
    .data                                    0x20000434   Section       20  stm32f10x_rcc.o(.data)
    APBAHBPrescTable                         0x20000434   Data          16  stm32f10x_rcc.o(.data)
    ADCPrescTable                            0x20000444   Data           4  stm32f10x_rcc.o(.data)
    .data                                    0x20000448   Section     1024  crc16.o(.data)
    ccitt_table                              0x20000448   Data         512  crc16.o(.data)
    auchCRCHi                                0x20000648   Data         256  crc16.o(.data)
    auchCRCLo                                0x20000748   Data         256  crc16.o(.data)
    .data                                    0x20000848   Section        4  delay.o(.data)
    fac_us                                   0x20000848   Data           1  delay.o(.data)
    fac_ms                                   0x2000084a   Data           2  delay.o(.data)
    .data                                    0x20000850   Section       49  adc_dma.o(.data)
    u_y                                      0x20000880   Data           1  adc_dma.o(.data)
    .data                                    0x20000884   Section      136  ahrs_ringbuffer.o(.data)
    .data                                    0x2000090c   Section        8  led.o(.data)
    .data                                    0x20000914   Section       54  mpu6050.o(.data)
    .data                                    0x2000094c   Section       16  switch.o(.data)
    .data                                    0x2000095c   Section       44  dc_motor.o(.data)
    .data                                    0x20000988   Section        1  usb_endp.o(.data)
    .data                                    0x2000098c   Section       60  usb_istr.o(.data)
    .data                                    0x200009c8   Section      156  usb_prop.o(.data)
    .data                                    0x20000a64   Section        7  usb_pwr.o(.data)
    .data                                    0x20000a6c   Section        3  usb_core.o(.data)
    .data                                    0x20000a70   Section       20  usb_init.o(.data)
    .data                                    0x20000a84   Section        4  usb_int.o(.data)
    .data                                    0x20000a88   Section        4  stdout.o(.data)
    .bss                                     0x20000a90   Section     1092  adc_dma.o(.bss)
    .bss                                     0x20000ed4   Section      265  ahrs_ringbuffer.o(.bss)
    .bss                                     0x20000fe0   Section       96  mpu6050.o(.bss)
    .bss                                     0x20001040   Section      128  usb_endp.o(.bss)
    .bss                                     0x200010c0   Section       28  usb_init.o(.bss)
    STACK                                    0x200010e0   Section     1024  startup_stm32f10x_hd.o(STACK)

    Global Symbols

    Symbol Name                              Value     Ov Type        Size  Object(Section)

    BuildAttributes$$THM_ISAv4$P$D$K$B$S$PE$A:L22UL41UL21$X:L11$S22US41US21$IEEE1$IW$USESV6$~STKCKD$USESV7$~SHL$OTIME$ROPI$EBA8$MICROLIB$REQ8$PRES8$EABIv2 0x00000000   Number         0  anon$$obj.o ABSOLUTE
    __ARM_use_no_argv                        0x00000000   Number         0  main.o ABSOLUTE
    __cpp_initialize__aeabi_                  - Undefined Weak Reference
    __cxa_finalize                            - Undefined Weak Reference
    _clock_init                               - Undefined Weak Reference
    _microlib_exit                            - Undefined Weak Reference
    __Vectors_Size                           0x00000130   Number         0  startup_stm32f10x_hd.o ABSOLUTE
    __Vectors                                0x08000000   Data           4  startup_stm32f10x_hd.o(RESET)
    __Vectors_End                            0x08000130   Data           0  startup_stm32f10x_hd.o(RESET)
    __main                                   0x08000131   Thumb Code     0  entry.o(.ARM.Collect$$$$00000000)
    _main_stk                                0x08000131   Thumb Code     0  entry2.o(.ARM.Collect$$$$00000001)
    _main_scatterload                        0x08000135   Thumb Code     0  entry5.o(.ARM.Collect$$$$00000004)
    __main_after_scatterload                 0x08000139   Thumb Code     0  entry5.o(.ARM.Collect$$$$00000004)
    _main_clock                              0x08000139   Thumb Code     0  entry7b.o(.ARM.Collect$$$$00000008)
    _main_cpp_init                           0x08000139   Thumb Code     0  entry8b.o(.ARM.Collect$$$$0000000A)
    _main_init                               0x08000139   Thumb Code     0  entry9a.o(.ARM.Collect$$$$0000000B)
    __rt_final_cpp                           0x08000141   Thumb Code     0  entry10a.o(.ARM.Collect$$$$0000000D)
    __rt_final_exit                          0x08000141   Thumb Code     0  entry11a.o(.ARM.Collect$$$$0000000F)
    Reset_Handler                            0x08000145   Thumb Code     8  startup_stm32f10x_hd.o(.text)
    ADC1_2_IRQHandler                        0x0800015f   Thumb Code     0  startup_stm32f10x_hd.o(.text)
    ADC3_IRQHandler                          0x0800015f   Thumb Code     0  startup_stm32f10x_hd.o(.text)
    CAN1_RX1_IRQHandler                      0x0800015f   Thumb Code     0  startup_stm32f10x_hd.o(.text)
    CAN1_SCE_IRQHandler                      0x0800015f   Thumb Code     0  startup_stm32f10x_hd.o(.text)
    DMA1_Channel1_IRQHandler                 0x0800015f   Thumb Code     0  startup_stm32f10x_hd.o(.text)
    DMA1_Channel2_IRQHandler                 0x0800015f   Thumb Code     0  startup_stm32f10x_hd.o(.text)
    DMA1_Channel3_IRQHandler                 0x0800015f   Thumb Code     0  startup_stm32f10x_hd.o(.text)
    DMA1_Channel4_IRQHandler                 0x0800015f   Thumb Code     0  startup_stm32f10x_hd.o(.text)
    DMA1_Channel5_IRQHandler                 0x0800015f   Thumb Code     0  startup_stm32f10x_hd.o(.text)
    DMA1_Channel6_IRQHandler                 0x0800015f   Thumb Code     0  startup_stm32f10x_hd.o(.text)
    DMA1_Channel7_IRQHandler                 0x0800015f   Thumb Code     0  startup_stm32f10x_hd.o(.text)
    DMA2_Channel1_IRQHandler                 0x0800015f   Thumb Code     0  startup_stm32f10x_hd.o(.text)
    DMA2_Channel2_IRQHandler                 0x0800015f   Thumb Code     0  startup_stm32f10x_hd.o(.text)
    DMA2_Channel3_IRQHandler                 0x0800015f   Thumb Code     0  startup_stm32f10x_hd.o(.text)
    DMA2_Channel4_5_IRQHandler               0x0800015f   Thumb Code     0  startup_stm32f10x_hd.o(.text)
    EXTI9_5_IRQHandler                       0x0800015f   Thumb Code     0  startup_stm32f10x_hd.o(.text)
    FLASH_IRQHandler                         0x0800015f   Thumb Code     0  startup_stm32f10x_hd.o(.text)
    FSMC_IRQHandler                          0x0800015f   Thumb Code     0  startup_stm32f10x_hd.o(.text)
    I2C1_ER_IRQHandler                       0x0800015f   Thumb Code     0  startup_stm32f10x_hd.o(.text)
    I2C1_EV_IRQHandler                       0x0800015f   Thumb Code     0  startup_stm32f10x_hd.o(.text)
    I2C2_ER_IRQHandler                       0x0800015f   Thumb Code     0  startup_stm32f10x_hd.o(.text)
    I2C2_EV_IRQHandler                       0x0800015f   Thumb Code     0  startup_stm32f10x_hd.o(.text)
    PVD_IRQHandler                           0x0800015f   Thumb Code     0  startup_stm32f10x_hd.o(.text)
    RCC_IRQHandler                           0x0800015f   Thumb Code     0  startup_stm32f10x_hd.o(.text)
    RTCAlarm_IRQHandler                      0x0800015f   Thumb Code     0  startup_stm32f10x_hd.o(.text)
    RTC_IRQHandler                           0x0800015f   Thumb Code     0  startup_stm32f10x_hd.o(.text)
    SDIO_IRQHandler                          0x0800015f   Thumb Code     0  startup_stm32f10x_hd.o(.text)
    SPI1_IRQHandler                          0x0800015f   Thumb Code     0  startup_stm32f10x_hd.o(.text)
    SPI2_IRQHandler                          0x0800015f   Thumb Code     0  startup_stm32f10x_hd.o(.text)
    SPI3_IRQHandler                          0x0800015f   Thumb Code     0  startup_stm32f10x_hd.o(.text)
    TAMPER_IRQHandler                        0x0800015f   Thumb Code     0  startup_stm32f10x_hd.o(.text)
    TIM1_BRK_IRQHandler                      0x0800015f   Thumb Code     0  startup_stm32f10x_hd.o(.text)
    TIM1_CC_IRQHandler                       0x0800015f   Thumb Code     0  startup_stm32f10x_hd.o(.text)
    TIM1_TRG_COM_IRQHandler                  0x0800015f   Thumb Code     0  startup_stm32f10x_hd.o(.text)
    TIM6_IRQHandler                          0x0800015f   Thumb Code     0  startup_stm32f10x_hd.o(.text)
    TIM7_IRQHandler                          0x0800015f   Thumb Code     0  startup_stm32f10x_hd.o(.text)
    TIM8_BRK_IRQHandler                      0x0800015f   Thumb Code     0  startup_stm32f10x_hd.o(.text)
    TIM8_CC_IRQHandler                       0x0800015f   Thumb Code     0  startup_stm32f10x_hd.o(.text)
    TIM8_TRG_COM_IRQHandler                  0x0800015f   Thumb Code     0  startup_stm32f10x_hd.o(.text)
    USART3_IRQHandler                        0x0800015f   Thumb Code     0  startup_stm32f10x_hd.o(.text)
    USB_HP_CAN1_TX_IRQHandler                0x0800015f   Thumb Code     0  startup_stm32f10x_hd.o(.text)
    WWDG_IRQHandler                          0x0800015f   Thumb Code     0  startup_stm32f10x_hd.o(.text)
    __aeabi_memset                           0x08000169   Thumb Code    14  memseta.o(.text)
    __aeabi_memset4                          0x08000169   Thumb Code     0  memseta.o(.text)
    __aeabi_memset8                          0x08000169   Thumb Code     0  memseta.o(.text)
    __aeabi_memclr                           0x08000177   Thumb Code     4  memseta.o(.text)
    __aeabi_memclr4                          0x08000177   Thumb Code     0  memseta.o(.text)
    __aeabi_memclr8                          0x08000177   Thumb Code     0  memseta.o(.text)
    _memset$wrapper                          0x0800017b   Thumb Code    18  memseta.o(.text)
    __aeabi_fadd                             0x0800018d   Thumb Code   164  fadd.o(.text)
    __aeabi_fsub                             0x08000231   Thumb Code     6  fadd.o(.text)
    __aeabi_frsub                            0x08000237   Thumb Code     6  fadd.o(.text)
    __aeabi_fmul                             0x0800023d   Thumb Code   100  fmul.o(.text)
    __aeabi_fdiv                             0x080002a1   Thumb Code   124  fdiv.o(.text)
    __aeabi_dadd                             0x0800031d   Thumb Code   322  dadd.o(.text)
    __aeabi_dsub                             0x0800045f   Thumb Code     6  dadd.o(.text)
    __aeabi_drsub                            0x08000465   Thumb Code     6  dadd.o(.text)
    __aeabi_dmul                             0x0800046b   Thumb Code   228  dmul.o(.text)
    __aeabi_i2f                              0x0800054f   Thumb Code    18  fflti.o(.text)
    __aeabi_ui2d                             0x08000561   Thumb Code    26  dfltui.o(.text)
    __aeabi_f2iz                             0x0800057b   Thumb Code    50  ffixi.o(.text)
    __aeabi_d2uiz                            0x080005ad   Thumb Code    50  dfixui.o(.text)
    __aeabi_cfcmpeq                          0x080005e1   Thumb Code     0  cfcmple.o(.text)
    __aeabi_cfcmple                          0x080005e1   Thumb Code    20  cfcmple.o(.text)
    __aeabi_cfrcmple                         0x080005f5   Thumb Code    20  cfrcmple.o(.text)
    __aeabi_llsl                             0x08000609   Thumb Code    30  llshl.o(.text)
    _ll_shift_l                              0x08000609   Thumb Code     0  llshl.o(.text)
    __aeabi_llsr                             0x08000627   Thumb Code    32  llushr.o(.text)
    _ll_ushift_r                             0x08000627   Thumb Code     0  llushr.o(.text)
    __aeabi_lasr                             0x08000647   Thumb Code    36  llsshr.o(.text)
    _ll_sshift_r                             0x08000647   Thumb Code     0  llsshr.o(.text)
    __I$use$fp                               0x0800066b   Thumb Code     0  iusefp.o(.text)
    _float_round                             0x0800066b   Thumb Code    18  fepilogue.o(.text)
    _float_epilogue                          0x0800067d   Thumb Code    92  fepilogue.o(.text)
    _double_round                            0x080006d9   Thumb Code    30  depilogue.o(.text)
    _double_epilogue                         0x080006f7   Thumb Code   156  depilogue.o(.text)
    __scatterload                            0x08000795   Thumb Code    28  init.o(.text)
    __scatterload_rt2                        0x08000795   Thumb Code     0  init.o(.text)
    __decompress                             0x080007b9   Thumb Code     0  __dclz77c.o(.text)
    __decompress2                            0x080007b9   Thumb Code    94  __dclz77c.o(.text)
    ADC_Cmd                                  0x08000817   Thumb Code    22  stm32f10x_adc.o(i.ADC_Cmd)
    ADC_DMACmd                               0x0800082d   Thumb Code    22  stm32f10x_adc.o(i.ADC_DMACmd)
    ADC_DMA_Init                             0x08000845   Thumb Code   318  adc_dma.o(i.ADC_DMA_Init)
    ADC_GetCalibrationStatus                 0x08000995   Thumb Code    20  stm32f10x_adc.o(i.ADC_GetCalibrationStatus)
    ADC_GetResetCalibrationStatus            0x080009a9   Thumb Code    20  stm32f10x_adc.o(i.ADC_GetResetCalibrationStatus)
    ADC_Init                                 0x080009bd   Thumb Code    70  stm32f10x_adc.o(i.ADC_Init)
    ADC_RegularChannelConfig                 0x08000a0d   Thumb Code   184  stm32f10x_adc.o(i.ADC_RegularChannelConfig)
    ADC_ResetCalibration                     0x08000ac5   Thumb Code    10  stm32f10x_adc.o(i.ADC_ResetCalibration)
    ADC_SoftwareStartConvCmd                 0x08000acf   Thumb Code    22  stm32f10x_adc.o(i.ADC_SoftwareStartConvCmd)
    ADC_StartCalibration                     0x08000ae5   Thumb Code    10  stm32f10x_adc.o(i.ADC_StartCalibration)
    ADC_data_filter                          0x08000af1   Thumb Code   370  adc_dma.o(i.ADC_data_filter)
    AHRS_CheckSum                            0x08000c89   Thumb Code    30  ahrs_ringbuffer.o(i.AHRS_CheckSum)
    AHRSdataDecode_A                         0x08000ca9   Thumb Code    62  ahrs_ringbuffer.o(i.AHRSdataDecode_A)
    AHRSdataDecode_B                         0x08000cfd   Thumb Code   138  ahrs_ringbuffer.o(i.AHRSdataDecode_B)
    AHRSdataDecode_C                         0x08000da9   Thumb Code   138  ahrs_ringbuffer.o(i.AHRSdataDecode_C)
    BusFault_Handler                         0x08000e55   Thumb Code     4  stm32f10x_it.o(i.BusFault_Handler)
    ByteSwap                                 0x08000e59   Thumb Code    12  usb_regs.o(i.ByteSwap)
    CRC16                                    0x08000e65   Thumb Code    48  crc16.o(i.CRC16)
    CTR_LP                                   0x08000e9d   Thumb Code   774  usb_int.o(i.CTR_LP)
    ClearDTOG_RX                             0x080011c5   Thumb Code    46  usb_regs.o(i.ClearDTOG_RX)
    ClearDTOG_TX                             0x080011f9   Thumb Code    46  usb_regs.o(i.ClearDTOG_TX)
    Clear_Status_Out                         0x0800122d   Thumb Code    28  usb_regs.o(i.Clear_Status_Out)
    CustomHID_Data_Setup                     0x0800124d   Thumb Code   108  usb_prop.o(i.CustomHID_Data_Setup)
    CustomHID_GetConfigDescriptor            0x080012c9   Thumb Code    14  usb_prop.o(i.CustomHID_GetConfigDescriptor)
    CustomHID_GetDeviceDescriptor            0x080012dd   Thumb Code    14  usb_prop.o(i.CustomHID_GetDeviceDescriptor)
    CustomHID_GetHIDDescriptor               0x080012f1   Thumb Code    14  usb_prop.o(i.CustomHID_GetHIDDescriptor)
    CustomHID_GetProtocolValue               0x08001305   Thumb Code    20  usb_prop.o(i.CustomHID_GetProtocolValue)
    CustomHID_GetReportDescriptor            0x08001321   Thumb Code    14  usb_prop.o(i.CustomHID_GetReportDescriptor)
    CustomHID_GetStringDescriptor            0x08001335   Thumb Code    32  usb_prop.o(i.CustomHID_GetStringDescriptor)
    CustomHID_Get_Interface_Setting          0x0800135d   Thumb Code    22  usb_prop.o(i.CustomHID_Get_Interface_Setting)
    CustomHID_NoData_Setup                   0x08001375   Thumb Code    32  usb_prop.o(i.CustomHID_NoData_Setup)
    CustomHID_Reset                          0x08001399   Thumb Code   176  usb_prop.o(i.CustomHID_Reset)
    CustomHID_SetConfiguration               0x08001459   Thumb Code    16  usb_prop.o(i.CustomHID_SetConfiguration)
    CustomHID_SetDeviceAddress               0x08001471   Thumb Code     8  usb_prop.o(i.CustomHID_SetDeviceAddress)
    CustomHID_SetProtocol                    0x0800147d   Thumb Code    14  usb_prop.o(i.CustomHID_SetProtocol)
    CustomHID_Status_In                      0x08001495   Thumb Code     2  usb_prop.o(i.CustomHID_Status_In)
    CustomHID_Status_Out                     0x08001497   Thumb Code     2  usb_prop.o(i.CustomHID_Status_Out)
    CustomHID_init                           0x08001499   Thumb Code    50  usb_prop.o(i.CustomHID_init)
    DC_MOTOR_PWM_Init                        0x080014dd   Thumb Code   222  dc_motor.o(i.DC_MOTOR_PWM_Init)
    DC_MOTOR_System_Init                     0x080015c5   Thumb Code    76  dc_motor.o(i.DC_MOTOR_System_Init)
    DC_Motor_Init                            0x08001615   Thumb Code    48  dc_motor.o(i.DC_Motor_Init)
    DMA_Cmd                                  0x0800164d   Thumb Code    24  stm32f10x_dma.o(i.DMA_Cmd)
    DMA_DeInit                               0x08001665   Thumb Code   324  stm32f10x_dma.o(i.DMA_DeInit)
    DMA_Init                                 0x080017b1   Thumb Code    60  stm32f10x_dma.o(i.DMA_Init)
    DebugMon_Handler                         0x08001c01   Thumb Code     2  stm32f10x_it.o(i.DebugMon_Handler)
    EP1_OUT_Callback                         0x08001c05   Thumb Code    30  usb_endp.o(i.EP1_OUT_Callback)
    EP2_IN_Callback                          0x08001c2d   Thumb Code    20  usb_endp.o(i.EP2_IN_Callback)
    EXTI0_IRQHandler                         0x08001c45   Thumb Code    18  stm32f10x_it.o(i.EXTI0_IRQHandler)
    EXTI15_10_IRQHandler                     0x08001c59   Thumb Code   160  stm32f10x_it.o(i.EXTI15_10_IRQHandler)
    EXTI1_IRQHandler                         0x08001d01   Thumb Code    18  stm32f10x_it.o(i.EXTI1_IRQHandler)
    EXTI2_IRQHandler                         0x08001d13   Thumb Code    18  stm32f10x_it.o(i.EXTI2_IRQHandler)
    EXTI3_IRQHandler                         0x08001d25   Thumb Code    18  stm32f10x_it.o(i.EXTI3_IRQHandler)
    EXTI4_IRQHandler                         0x08001d37   Thumb Code    18  stm32f10x_it.o(i.EXTI4_IRQHandler)
    EXTI_ClearITPendingBit                   0x08001d49   Thumb Code     6  stm32f10x_exti.o(i.EXTI_ClearITPendingBit)
    EXTI_GetITStatus                         0x08001d55   Thumb Code    34  stm32f10x_exti.o(i.EXTI_GetITStatus)
    EXTI_Init                                0x08001d7d   Thumb Code   142  stm32f10x_exti.o(i.EXTI_Init)
    Enter_LowPowerMode                       0x08001e11   Thumb Code     8  hw_config.o(i.Enter_LowPowerMode)
    GPIO_Init                                0x08001e1d   Thumb Code   278  stm32f10x_gpio.o(i.GPIO_Init)
    GPIO_ReadInputDataBit                    0x08001f33   Thumb Code    18  stm32f10x_gpio.o(i.GPIO_ReadInputDataBit)
    GPIO_ResetBits                           0x08001f45   Thumb Code     4  stm32f10x_gpio.o(i.GPIO_ResetBits)
    GPIO_SetBits                             0x08001f49   Thumb Code     4  stm32f10x_gpio.o(i.GPIO_SetBits)
    GetEPRxAddr                              0x08001f4d   Thumb Code    24  usb_regs.o(i.GetEPRxAddr)
    GetEPTxAddr                              0x08001f6d   Thumb Code    22  usb_regs.o(i.GetEPTxAddr)
    Get_AHRS_Value                           0x08001f8d   Thumb Code    14  ahrs_ringbuffer.o(i.Get_AHRS_Value)
    Get_Percussion_Flag                      0x08001f9d   Thumb Code   100  mpu6050.o(i.Get_Percussion_Flag)
    Get_SerialNum                            0x0800200d   Thumb Code     2  hw_config.o(i.Get_SerialNum)
    HardFault_Handler                        0x0800200f   Thumb Code     4  stm32f10x_it.o(i.HardFault_Handler)
    In0_Process                              0x08002015   Thumb Code    98  usb_core.o(i.In0_Process)
    LED_Init                                 0x08002085   Thumb Code    46  led.o(i.LED_Init)
    LED_RED_Init                             0x080020b9   Thumb Code   142  led.o(i.LED_RED_Init)
    LED_RGB_Init                             0x08002151   Thumb Code   224  led.o(i.LED_RGB_Init)
    Leave_LowPowerMode                       0x0800223d   Thumb Code    22  hw_config.o(i.Leave_LowPowerMode)
    MPU6050_AVERAGE                          0x0800225d   Thumb Code   132  mpu6050.o(i.MPU6050_AVERAGE)
    MPU6050_Acc_Detect                       0x080022e1   Thumb Code   522  mpu6050.o(i.MPU6050_Acc_Detect)
    MPU6050_IS_NULL                          0x08002501   Thumb Code    28  mpu6050.o(i.MPU6050_IS_NULL)
    MPU6050_MINUS                            0x0800251d   Thumb Code    68  mpu6050.o(i.MPU6050_MINUS)
    MPU6050_READ_FIFO                        0x08002561   Thumb Code   686  mpu6050.o(i.MPU6050_READ_FIFO)
    MPU6050_Read_Acc                         0x0800282d   Thumb Code    50  mpu6050.o(i.MPU6050_Read_Acc)
    MemManage_Handler                        0x08002871   Thumb Code     4  stm32f10x_it.o(i.MemManage_Handler)
    MotorSaturation                          0x08002875   Thumb Code    46  dc_motor.o(i.MotorSaturation)
    Motor_control                            0x080028a5   Thumb Code    76  dc_motor.o(i.Motor_control)
    Motor_state                              0x080028f5   Thumb Code    84  dc_motor.o(i.Motor_state)
    NMI_Handler                              0x08002951   Thumb Code     2  stm32f10x_it.o(i.NMI_Handler)
    NOP_Process                              0x08002953   Thumb Code     2  usb_core.o(i.NOP_Process)
    NVIC_Configuration                       0x08002955   Thumb Code    12  sys.o(i.NVIC_Configuration)
    NVIC_Init                                0x08002961   Thumb Code   100  misc.o(i.NVIC_Init)
    NVIC_PriorityGroupConfig                 0x080029d1   Thumb Code    10  misc.o(i.NVIC_PriorityGroupConfig)
    Out0_Process                             0x08002b29   Thumb Code    70  usb_core.o(i.Out0_Process)
    PMAToUserBufferCopy                      0x08002b79   Thumb Code    34  usb_mem.o(i.PMAToUserBufferCopy)
    P_motor_control                          0x08002ba1   Thumb Code   168  dc_motor.o(i.P_motor_control)
    Parse_Pack_Data_LED                      0x08002c6d   Thumb Code    74  protocol.o(i.Parse_Pack_Data_LED)
    Parse_Pack_Data_MotorA                   0x08002cc1   Thumb Code    76  protocol.o(i.Parse_Pack_Data_MotorA)
    Parse_Pack_Data_MotorB                   0x08002d19   Thumb Code    76  protocol.o(i.Parse_Pack_Data_MotorB)
    Parse_Pack_Data_RGB                      0x08002d71   Thumb Code   206  protocol.o(i.Parse_Pack_Data_RGB)
    Parsed_Data_FromPC                       0x08002e51   Thumb Code    56  protocol.o(i.Parsed_Data_FromPC)
    Partition                                0x08002e89   Thumb Code   122  mpu6050.o(i.Partition)
    PendSV_Handler                           0x08002f03   Thumb Code     2  stm32f10x_it.o(i.PendSV_Handler)
    Post0_Process                            0x08002f05   Thumb Code    54  usb_core.o(i.Post0_Process)
    PowerOn                                  0x08002f4d   Thumb Code    54  usb_pwr.o(i.PowerOn)
    Quick_Sort                               0x08002f8d   Thumb Code   134  mpu6050.o(i.Quick_Sort)
    RCC_ADCCLKConfig                         0x08003019   Thumb Code    18  stm32f10x_rcc.o(i.RCC_ADCCLKConfig)
    RCC_AHBPeriphClockCmd                    0x08003031   Thumb Code    26  stm32f10x_rcc.o(i.RCC_AHBPeriphClockCmd)
    RCC_APB1PeriphClockCmd                   0x08003051   Thumb Code    26  stm32f10x_rcc.o(i.RCC_APB1PeriphClockCmd)
    RCC_APB2PeriphClockCmd                   0x08003071   Thumb Code    26  stm32f10x_rcc.o(i.RCC_APB2PeriphClockCmd)
    RCC_GetClocksFreq                        0x08003091   Thumb Code   192  stm32f10x_rcc.o(i.RCC_GetClocksFreq)
    RCC_USBCLKConfig                         0x08003165   Thumb Code     6  stm32f10x_rcc.o(i.RCC_USBCLKConfig)
    Relay_Init                               0x08003171   Thumb Code    52  relay.o(i.Relay_Init)
    Reset_Motor                              0x080031b1   Thumb Code    58  dc_motor.o(i.Reset_Motor)
    Resume                                   0x080031f5   Thumb Code   168  usb_pwr.o(i.Resume)
    Resume_Init                              0x080032a5   Thumb Code    30  usb_pwr.o(i.Resume_Init)
    SVC_Handler                              0x080032c9   Thumb Code     2  stm32f10x_it.o(i.SVC_Handler)
    SWITCH_IO_Detection                      0x080032cd   Thumb Code   196  switch.o(i.SWITCH_IO_Detection)
    SWITCH_IO_Init                           0x08003399   Thumb Code    38  switch.o(i.SWITCH_IO_Init)
    SendCRCDataToPC                          0x080033c5   Thumb Code    50  protocol.o(i.SendCRCDataToPC)
    SetBTABLE                                0x080033f9   Thumb Code    12  usb_regs.o(i.SetBTABLE)
    SetDeviceAddress                         0x08003409   Thumb Code    62  usb_core.o(i.SetDeviceAddress)
    SetEPRxAddr                              0x08003455   Thumb Code    26  usb_regs.o(i.SetEPRxAddr)
    SetEPRxCount                             0x08003479   Thumb Code    68  usb_regs.o(i.SetEPRxCount)
    SetEPRxStatus                            0x080034c5   Thumb Code    52  usb_regs.o(i.SetEPRxStatus)
    SetEPRxValid                             0x080034fd   Thumb Code    38  usb_regs.o(i.SetEPRxValid)
    SetEPTxAddr                              0x08003529   Thumb Code    24  usb_regs.o(i.SetEPTxAddr)
    SetEPTxCount                             0x08003549   Thumb Code    20  usb_regs.o(i.SetEPTxCount)
    SetEPTxStatus                            0x08003565   Thumb Code    52  usb_regs.o(i.SetEPTxStatus)
    SetEPTxValid                             0x0800359d   Thumb Code    38  usb_regs.o(i.SetEPTxValid)
    SetEPType                                0x080035c9   Thumb Code    32  usb_regs.o(i.SetEPType)
    SetLED_RED_Value                         0x080035ed   Thumb Code    36  led.o(i.SetLED_RED_Value)
    SetLED_RGB_Value                         0x0800361d   Thumb Code    76  led.o(i.SetLED_RGB_Value)
    Set_USBClock                             0x08003765   Thumb Code    18  hw_config.o(i.Set_USBClock)
    Setup0_Process                           0x08003779   Thumb Code   162  usb_core.o(i.Setup0_Process)
    Standard_ClearFeature                    0x08003829   Thumb Code   326  usb_core.o(i.Standard_ClearFeature)
    Standard_GetConfiguration                0x08003985   Thumb Code    34  usb_core.o(i.Standard_GetConfiguration)
    Standard_GetDescriptorData               0x080039b1   Thumb Code    32  usb_core.o(i.Standard_GetDescriptorData)
    Standard_GetInterface                    0x080039d5   Thumb Code    34  usb_core.o(i.Standard_GetInterface)
    Standard_GetStatus                       0x08003a01   Thumb Code   224  usb_core.o(i.Standard_GetStatus)
    Standard_SetConfiguration                0x08003af1   Thumb Code    60  usb_core.o(i.Standard_SetConfiguration)
    Standard_SetDeviceFeature                0x08003b39   Thumb Code    30  usb_core.o(i.Standard_SetDeviceFeature)
    Standard_SetEndPointFeature              0x08003b61   Thumb Code   176  usb_core.o(i.Standard_SetEndPointFeature)
    Standard_SetInterface                    0x08003c21   Thumb Code    96  usb_core.o(i.Standard_SetInterface)
    Suspend                                  0x08003c8d   Thumb Code    34  usb_pwr.o(i.Suspend)
    SysTick_CLKSourceConfig                  0x08003cb5   Thumb Code    40  misc.o(i.SysTick_CLKSourceConfig)
    SysTick_Handler                          0x08003cdd   Thumb Code     2  stm32f10x_it.o(i.SysTick_Handler)
    SystemInit                               0x08003ce1   Thumb Code    78  system_stm32f10x.o(i.SystemInit)
    TIM1_UP_IRQHandler                       0x08003d41   Thumb Code    22  stm32f10x_it.o(i.TIM1_UP_IRQHandler)
    TIM2_IRQHandler                          0x08003d5d   Thumb Code   212  stm32f10x_it.o(i.TIM2_IRQHandler)
    TIM3_IRQHandler                          0x08003e59   Thumb Code    22  stm32f10x_it.o(i.TIM3_IRQHandler)
    TIM4_IRQHandler                          0x08003e75   Thumb Code    22  stm32f10x_it.o(i.TIM4_IRQHandler)
    TIM5_IRQHandler                          0x08003e91   Thumb Code    22  stm32f10x_it.o(i.TIM5_IRQHandler)
    TIM8_UP_IRQHandler                       0x08003ead   Thumb Code    22  stm32f10x_it.o(i.TIM8_UP_IRQHandler)
    TIM_ARRPreloadConfig                     0x08003ec9   Thumb Code    24  stm32f10x_tim.o(i.TIM_ARRPreloadConfig)
    TIM_ClearITPendingBit                    0x08003ee1   Thumb Code     6  stm32f10x_tim.o(i.TIM_ClearITPendingBit)
    TIM_Cmd                                  0x08003ee7   Thumb Code    24  stm32f10x_tim.o(i.TIM_Cmd)
    TIM_GetITStatus                          0x08003eff   Thumb Code    34  stm32f10x_tim.o(i.TIM_GetITStatus)
    TIM_ITConfig                             0x08003f21   Thumb Code    18  stm32f10x_tim.o(i.TIM_ITConfig)
    TIM_OC1Init                              0x08003f35   Thumb Code   132  stm32f10x_tim.o(i.TIM_OC1Init)
    TIM_OC1PreloadConfig                     0x08003fcd   Thumb Code    18  stm32f10x_tim.o(i.TIM_OC1PreloadConfig)
    TIM_OC2Init                              0x08003fe1   Thumb Code   154  stm32f10x_tim.o(i.TIM_OC2Init)
    TIM_OC2PreloadConfig                     0x08004085   Thumb Code    26  stm32f10x_tim.o(i.TIM_OC2PreloadConfig)
    TIM_OC3Init                              0x080040a1   Thumb Code   150  stm32f10x_tim.o(i.TIM_OC3Init)
    TIM_OC3PreloadConfig                     0x08004141   Thumb Code    18  stm32f10x_tim.o(i.TIM_OC3PreloadConfig)
    TIM_OC4Init                              0x08004155   Thumb Code   114  stm32f10x_tim.o(i.TIM_OC4Init)
    TIM_OC4PreloadConfig                     0x080041d1   Thumb Code    26  stm32f10x_tim.o(i.TIM_OC4PreloadConfig)
    TIM_SetCompare1                          0x080041eb   Thumb Code     4  stm32f10x_tim.o(i.TIM_SetCompare1)
    TIM_SetCompare2                          0x080041ef   Thumb Code     4  stm32f10x_tim.o(i.TIM_SetCompare2)
    TIM_SetCompare3                          0x080041f3   Thumb Code     4  stm32f10x_tim.o(i.TIM_SetCompare3)
    TIM_SetCompare4                          0x080041f7   Thumb Code     6  stm32f10x_tim.o(i.TIM_SetCompare4)
    TIM_TimeBaseInit                         0x080041fd   Thumb Code   122  stm32f10x_tim.o(i.TIM_TimeBaseInit)
    Time_Init                                0x080042a1   Thumb Code    90  time_user.o(i.Time_Init)
    UART4_IRQHandler                         0x080042fd   Thumb Code    62  stm32f10x_it.o(i.UART4_IRQHandler)
    UART5_IRQHandler                         0x08004349   Thumb Code    62  stm32f10x_it.o(i.UART5_IRQHandler)
    USART1_IRQHandler                        0x08004395   Thumb Code    62  stm32f10x_it.o(i.USART1_IRQHandler)
    USART2_IRQHandler                        0x080043e1   Thumb Code    62  stm32f10x_it.o(i.USART2_IRQHandler)
    USART_ClearITPendingBit                  0x0800442d   Thumb Code    30  stm32f10x_usart.o(i.USART_ClearITPendingBit)
    USART_Cmd                                0x0800444b   Thumb Code    24  stm32f10x_usart.o(i.USART_Cmd)
    USART_GetFlagStatus                      0x08004463   Thumb Code    26  stm32f10x_usart.o(i.USART_GetFlagStatus)
    USART_GetITStatus                        0x0800447d   Thumb Code    84  stm32f10x_usart.o(i.USART_GetITStatus)
    USART_ITConfig                           0x080044d1   Thumb Code    74  stm32f10x_usart.o(i.USART_ITConfig)
    USART_Init                               0x0800451d   Thumb Code   210  stm32f10x_usart.o(i.USART_Init)
    USART_ReceiveData                        0x080045f5   Thumb Code    10  stm32f10x_usart.o(i.USART_ReceiveData)
    USART_SendData                           0x080045ff   Thumb Code     8  stm32f10x_usart.o(i.USART_SendData)
    USBWakeUp_IRQHandler                     0x08004607   Thumb Code    12  stm32f10x_it.o(i.USBWakeUp_IRQHandler)
    USB_Cable_Config                         0x08004615   Thumb Code    26  hw_config.o(i.USB_Cable_Config)
    USB_GPIO_Configuration                   0x08004635   Thumb Code    38  hw_config.o(i.USB_GPIO_Configuration)
    USB_GetData                              0x08004661   Thumb Code    32  usbio.o(i.USB_GetData)
    USB_Init                                 0x08004685   Thumb Code    36  usb_init.o(i.USB_Init)
    USB_Interrupts_Config                    0x080046c1   Thumb Code    82  hw_config.o(i.USB_Interrupts_Config)
    USB_Istr                                 0x08004715   Thumb Code   222  usb_istr.o(i.USB_Istr)
    USB_LP_CAN1_RX0_IRQHandler               0x0800480d   Thumb Code     8  stm32f10x_it.o(i.USB_LP_CAN1_RX0_IRQHandler)
    USB_PORT_SET                             0x08004815   Thumb Code    78  main.o(i.USB_PORT_SET)
    USB_SendData                             0x0800486d   Thumb Code    36  usbio.o(i.USB_SendData)
    Update_ADC_Value                         0x08004891   Thumb Code   214  adc_dma.o(i.Update_ADC_Value)
    Update_IO_Value                          0x0800496d   Thumb Code    26  switch.o(i.Update_IO_Value)
    Update_Percussion_Value                  0x0800498d   Thumb Code    32  mpu6050.o(i.Update_Percussion_Value)
    UsageFault_Handler                       0x080049b1   Thumb Code     4  stm32f10x_it.o(i.UsageFault_Handler)
    UserToPMABufferCopy                      0x080049b5   Thumb Code    52  usb_mem.o(i.UserToPMABufferCopy)
    __0printf$bare                           0x080049ed   Thumb Code     8  printfb.o(i.__0printf$bare)
    __1printf$bare                           0x080049ed   Thumb Code     0  printfb.o(i.__0printf$bare)
    __2printf                                0x080049ed   Thumb Code     0  printfb.o(i.__0printf$bare)
    __scatterload_copy                       0x080049fd   Thumb Code    14  handlers.o(i.__scatterload_copy)
    __scatterload_null                       0x08004a0b   Thumb Code     2  handlers.o(i.__scatterload_null)
    __scatterload_zeroinit                   0x08004a0d   Thumb Code    14  handlers.o(i.__scatterload_zeroinit)
    ahrs_Configure                           0x08004a3d   Thumb Code    34  ahrs_ringbuffer.o(i.ahrs_Configure)
    ahrs_Decode_A                            0x08004a71   Thumb Code    42  ahrs_ringbuffer.o(i.ahrs_Decode_A)
    ahrs_Decode_B                            0x08004aa9   Thumb Code    42  ahrs_ringbuffer.o(i.ahrs_Decode_B)
    ahrs_Decode_C                            0x08004ae1   Thumb Code    42  ahrs_ringbuffer.o(i.ahrs_Decode_C)
    ahrs_IsReadyToRead                       0x08004b19   Thumb Code    56  ahrs_ringbuffer.o(i.ahrs_IsReadyToRead)
    ahrs_Update                              0x08004b5d   Thumb Code   420  ahrs_ringbuffer.o(i.ahrs_Update)
    delay_init                               0x08004d31   Thumb Code    50  delay.o(i.delay_init)
    delay_ms                                 0x08004d75   Thumb Code    72  delay.o(i.delay_ms)
    fputc                                    0x08004dc1   Thumb Code    32  main.o(i.fputc)
    get_target_value                         0x08004de5   Thumb Code    58  dc_motor.o(i.get_target_value)
    main                                     0x08004e39   Thumb Code   506  main.o(i.main)
    motor_led_alarm                          0x08005071   Thumb Code    32  dc_motor.o(i.motor_led_alarm)
    rbClear                                  0x08005099   Thumb Code    14  ringbuffer.o(i.rbClear)
    rbInitialize                             0x080050a7   Thumb Code    18  ringbuffer.o(i.rbInitialize)
    rbIsEmpty                                0x080050b9   Thumb Code    18  ringbuffer.o(i.rbIsEmpty)
    rbPop                                    0x080050cb   Thumb Code    44  ringbuffer.o(i.rbPop)
    rbPush                                   0x080050f7   Thumb Code    36  ringbuffer.o(i.rbPush)
    send_motor_pwm                           0x0800511d   Thumb Code   140  dc_motor.o(i.send_motor_pwm)
    stop_motor_pwm                           0x080051bd   Thumb Code    20  dc_motor.o(i.stop_motor_pwm)
    uart4_init                               0x080051d5   Thumb Code   130  usart.o(i.uart4_init)
    uart5_init                               0x08005261   Thumb Code   136  usart.o(i.uart5_init)
    uart_init                                0x080052f1   Thumb Code    30  usart.o(i.uart_init)
    usart1_init                              0x08005311   Thumb Code   160  usart.o(i.usart1_init)
    usart2_init                              0x080053b9   Thumb Code   154  usart.o(i.usart2_init)
    CustomHID_DeviceDescriptor               0x0800545c   Data          18  usb_desc.o(.constdata)
    CustomHID_ConfigDescriptor               0x0800546e   Data          41  usb_desc.o(.constdata)
    CustomHID_ReportDescriptor               0x08005497   Data          33  usb_desc.o(.constdata)
    CustomHID_StringLangID                   0x080054b8   Data           4  usb_desc.o(.constdata)
    CustomHID_StringVendor                   0x080054bc   Data          18  usb_desc.o(.constdata)
    CustomHID_StringProduct                  0x080054ce   Data          18  usb_desc.o(.constdata)
    CustomHID_StringSerial                   0x080054e0   Data          18  usb_desc.o(.constdata)
    Region$$Table$$Base                      0x080054f4   Number         0  anon$$obj.o(Region$$Table)
    Region$$Table$$Limit                     0x08005514   Number         0  anon$$obj.o(Region$$Table)
    crc16test                                0x20000400   Data           6  main.o(.data)
    crcreturn1                               0x20000406   Data           2  main.o(.data)
    crcreturn2                               0x20000408   Data           2  main.o(.data)
    rotation_flag                            0x2000040a   Data           1  main.o(.data)
    filter_flag                              0x2000040b   Data           1  main.o(.data)
    ENC5_COUNT                               0x2000040c   Data           2  stm32f10x_it.o(.data)
    Timecount1                               0x2000040e   Data           2  stm32f10x_it.o(.data)
    Timecount2                               0x20000410   Data           2  stm32f10x_it.o(.data)
    Timecount_RED                            0x20000412   Data           2  stm32f10x_it.o(.data)
    Timecount_RGB                            0x20000414   Data           2  stm32f10x_it.o(.data)
    control_flag                             0x20000416   Data           1  stm32f10x_it.o(.data)
    led_count                                0x20000418   Data           2  stm32f10x_it.o(.data)
    timeout                                  0x2000041a   Data           2  stm32f10x_it.o(.data)
    time5_count                              0x2000041c   Data           1  stm32f10x_it.o(.data)
    ahrs_data_A                              0x2000041d   Data           1  stm32f10x_it.o(.data)
    ahrs_data_B                              0x2000041e   Data           1  stm32f10x_it.o(.data)
    ahrs_data_C                              0x2000041f   Data           1  stm32f10x_it.o(.data)
    SystemCoreClock                          0x20000420   Data           4  system_stm32f10x.o(.data)
    AHBPrescTable                            0x20000424   Data          16  system_stm32f10x.o(.data)
    p_ADC_SampeValue                         0x20000850   Data           4  adc_dma.o(.data)
    Adc_a2                                   0x20000858   Data           8  adc_dma.o(.data)
    Adc_a3                                   0x20000860   Data           8  adc_dma.o(.data)
    Adc_b1                                   0x20000868   Data           8  adc_dma.o(.data)
    Adc_b2                                   0x20000870   Data           8  adc_dma.o(.data)
    Adc_b3                                   0x20000878   Data           8  adc_dma.o(.data)
    m_ahrs_RX_WorkingBuff_A_DataCount        0x20000884   Data           1  ahrs_ringbuffer.o(.data)
    m_ahrs_RX_WorkingBuff_B_DataCount        0x20000885   Data           1  ahrs_ringbuffer.o(.data)
    m_ahrs_RX_WorkingBuff_C_DataCount        0x20000886   Data           1  ahrs_ringbuffer.o(.data)
    m_ahrs_RX_PreviousValue_A                0x20000887   Data           1  ahrs_ringbuffer.o(.data)
    m_ahrs_RX_PreviousValue_B                0x20000888   Data           1  ahrs_ringbuffer.o(.data)
    m_ahrs_RX_PreviousValue_C                0x20000889   Data           1  ahrs_ringbuffer.o(.data)
    stcAngle_A                               0x2000088a   Data           8  ahrs_ringbuffer.o(.data)
    stcAngle_B                               0x20000892   Data           8  ahrs_ringbuffer.o(.data)
    stcAngle_C                               0x2000089a   Data           8  ahrs_ringbuffer.o(.data)
    AHRSdataOver                             0x200008a2   Data           1  ahrs_ringbuffer.o(.data)
    Ac_x                                     0x200008a4   Data           2  ahrs_ringbuffer.o(.data)
    Ac_y                                     0x200008a6   Data           2  ahrs_ringbuffer.o(.data)
    Ac_z                                     0x200008a8   Data           2  ahrs_ringbuffer.o(.data)
    G_x                                      0x200008aa   Data           2  ahrs_ringbuffer.o(.data)
    G_y                                      0x200008ac   Data           2  ahrs_ringbuffer.o(.data)
    G_z                                      0x200008ae   Data           2  ahrs_ringbuffer.o(.data)
    Mg_x                                     0x200008b0   Data           2  ahrs_ringbuffer.o(.data)
    Mg_y                                     0x200008b2   Data           2  ahrs_ringbuffer.o(.data)
    Mg_z                                     0x200008b4   Data           2  ahrs_ringbuffer.o(.data)
    Roll_A                                   0x200008b8   Data           4  ahrs_ringbuffer.o(.data)
    Pitch_A                                  0x200008bc   Data           4  ahrs_ringbuffer.o(.data)
    Yaw_A                                    0x200008c0   Data           4  ahrs_ringbuffer.o(.data)
    Temperature_A                            0x200008c4   Data           4  ahrs_ringbuffer.o(.data)
    Roll_B                                   0x200008c8   Data           4  ahrs_ringbuffer.o(.data)
    Pitch_B                                  0x200008cc   Data           4  ahrs_ringbuffer.o(.data)
    Yaw_B                                    0x200008d0   Data           4  ahrs_ringbuffer.o(.data)
    Temperature_B                            0x200008d4   Data           4  ahrs_ringbuffer.o(.data)
    Roll_C                                   0x200008d8   Data           4  ahrs_ringbuffer.o(.data)
    Pitch_C                                  0x200008dc   Data           4  ahrs_ringbuffer.o(.data)
    Yaw_C                                    0x200008e0   Data           4  ahrs_ringbuffer.o(.data)
    Temperature_C                            0x200008e4   Data           4  ahrs_ringbuffer.o(.data)
    Ax_A                                     0x200008e8   Data           4  ahrs_ringbuffer.o(.data)
    Ay_A                                     0x200008ec   Data           4  ahrs_ringbuffer.o(.data)
    Az_A                                     0x200008f0   Data           4  ahrs_ringbuffer.o(.data)
    Ax_B                                     0x200008f4   Data           4  ahrs_ringbuffer.o(.data)
    Ay_B                                     0x200008f8   Data           4  ahrs_ringbuffer.o(.data)
    Az_B                                     0x200008fc   Data           4  ahrs_ringbuffer.o(.data)
    Ax_C                                     0x20000900   Data           4  ahrs_ringbuffer.o(.data)
    Ay_C                                     0x20000904   Data           4  ahrs_ringbuffer.o(.data)
    Az_C                                     0x20000908   Data           4  ahrs_ringbuffer.o(.data)
    LED_RED                                  0x2000090c   Data           2  led.o(.data)
    LED_R                                    0x2000090e   Data           2  led.o(.data)
    LED_G                                    0x20000910   Data           2  led.o(.data)
    LED_B                                    0x20000912   Data           2  led.o(.data)
    percussion_flag                          0x20000914   Data           1  mpu6050.o(.data)
    percussion_arry                          0x20000915   Data           5  mpu6050.o(.data)
    THRESH                                   0x2000091a   Data           6  mpu6050.o(.data)
    MAX_DATA                                 0x20000920   Data           6  mpu6050.o(.data)
    MIN_DATA                                 0x20000926   Data           6  mpu6050.o(.data)
    DELTA                                    0x2000092c   Data           6  mpu6050.o(.data)
    RES                                      0x20000932   Data           6  mpu6050.o(.data)
    LAST_SAMPLE                              0x20000938   Data           6  mpu6050.o(.data)
    CURR_SAMPLE                              0x2000093e   Data           6  mpu6050.o(.data)
    data_tmp                                 0x20000944   Data           6  mpu6050.o(.data)
    switchvalue                              0x2000094c   Data           1  switch.o(.data)
    pSwitchValue                             0x20000950   Data           4  switch.o(.data)
    switchvalue_optp                         0x20000954   Data           1  switch.o(.data)
    pSwitchValue_optp                        0x20000958   Data           4  switch.o(.data)
    warning_type                             0x2000095c   Data           1  dc_motor.o(.data)
    target_value1                            0x2000095e   Data           2  dc_motor.o(.data)
    target_value2                            0x20000960   Data           2  dc_motor.o(.data)
    P_coeff                                  0x20000964   Data           4  dc_motor.o(.data)
    control_value1                           0x20000968   Data           4  dc_motor.o(.data)
    control_value2                           0x2000096c   Data           4  dc_motor.o(.data)
    control_u                                0x20000970   Data           4  dc_motor.o(.data)
    control_motor1                           0x20000974   Data           4  dc_motor.o(.data)
    control_motor2                           0x20000978   Data           4  dc_motor.o(.data)
    control_different                        0x2000097c   Data           4  dc_motor.o(.data)
    motor_duty1                              0x20000980   Data           2  dc_motor.o(.data)
    motor_duty2                              0x20000982   Data           2  dc_motor.o(.data)
    Duty1                                    0x20000984   Data           2  dc_motor.o(.data)
    Duty2                                    0x20000986   Data           2  dc_motor.o(.data)
    USB_ReceiveFlg                           0x20000988   Data           1  usb_endp.o(.data)
    wIstr                                    0x2000098c   Data           2  usb_istr.o(.data)
    bIntPackSOF                              0x2000098e   Data           1  usb_istr.o(.data)
    pEpInt_IN                                0x20000990   Data          28  usb_istr.o(.data)
    pEpInt_OUT                               0x200009ac   Data          28  usb_istr.o(.data)
    ProtocolValue                            0x200009c8   Data           4  usb_prop.o(.data)
    Device_Table                             0x200009cc   Data           2  usb_prop.o(.data)
    Device_Property                          0x200009d0   Data          48  usb_prop.o(.data)
    User_Standard_Requests                   0x20000a00   Data          36  usb_prop.o(.data)
    Device_Descriptor                        0x20000a24   Data           8  usb_prop.o(.data)
    Config_Descriptor                        0x20000a2c   Data           8  usb_prop.o(.data)
    CustomHID_Report_Descriptor              0x20000a34   Data           8  usb_prop.o(.data)
    CustomHID_Hid_Descriptor                 0x20000a3c   Data           8  usb_prop.o(.data)
    String_Descriptor                        0x20000a44   Data          32  usb_prop.o(.data)
    bDeviceState                             0x20000a64   Data           4  usb_pwr.o(.data)
    fSuspendEnabled                          0x20000a68   Data           1  usb_pwr.o(.data)
    ResumeS                                  0x20000a69   Data           2  usb_pwr.o(.data)
    StatusInfo                               0x20000a6c   Data           2  usb_core.o(.data)
    Data_Mul_MaxPacketSize                   0x20000a6e   Data           1  usb_core.o(.data)
    EPindex                                  0x20000a70   Data           1  usb_init.o(.data)
    pInformation                             0x20000a74   Data           4  usb_init.o(.data)
    pProperty                                0x20000a78   Data           4  usb_init.o(.data)
    SaveState                                0x20000a7c   Data           2  usb_init.o(.data)
    wInterrupt_Mask                          0x20000a7e   Data           2  usb_init.o(.data)
    pUser_Standard_Requests                  0x20000a80   Data           4  usb_init.o(.data)
    SaveRState                               0x20000a84   Data           2  usb_int.o(.data)
    SaveTState                               0x20000a86   Data           2  usb_int.o(.data)
    __stdout                                 0x20000a88   Data           4  stdout.o(.data)
    ADCConvertedValue                        0x20000a90   Data          12  adc_dma.o(.bss)
    ADC_Value                                0x20000a9c   Data          12  adc_dma.o(.bss)
    adc_sampe                                0x20000aa8   Data          24  adc_dma.o(.bss)
    ADCConvertedValue_Arr                    0x20000ac0   Data         600  adc_dma.o(.bss)
    ADCConvertedValue_old                    0x20000d18   Data          48  adc_dma.o(.bss)
    ADC_origin                               0x20000d48   Data         192  adc_dma.o(.bss)
    ADC_filter                               0x20000e08   Data         192  adc_dma.o(.bss)
    ADC_filter_final                         0x20000ec8   Data          12  adc_dma.o(.bss)
    Rxbuff_A                                 0x20000ed4   Data          40  ahrs_ringbuffer.o(.bss)
    Rxbuff_B                                 0x20000efc   Data          40  ahrs_ringbuffer.o(.bss)
    Rxbuff_C                                 0x20000f24   Data          40  ahrs_ringbuffer.o(.bss)
    m_ahrs_RX_Buff                           0x20000f4c   Data          50  ahrs_ringbuffer.o(.bss)
    m_ahrs_RX_RingBuff_A                     0x20000f80   Data          20  ahrs_ringbuffer.o(.bss)
    m_ahrs_RX_RingBuff_B                     0x20000f94   Data          20  ahrs_ringbuffer.o(.bss)
    m_ahrs_RX_RingBuff_C                     0x20000fa8   Data          20  ahrs_ringbuffer.o(.bss)
    m_ahrs_RX_WorkingBuff_A                  0x20000fbc   Data          11  ahrs_ringbuffer.o(.bss)
    m_ahrs_RX_WorkingBuff_B                  0x20000fc7   Data          11  ahrs_ringbuffer.o(.bss)
    m_ahrs_RX_WorkingBuff_C                  0x20000fd2   Data          11  ahrs_ringbuffer.o(.bss)
    acc                                      0x20000fe0   Data          12  mpu6050.o(.bss)
    axis_data                                0x20000fec   Data          30  mpu6050.o(.bss)
    AVERAGE_DATA                             0x2000100a   Data          24  mpu6050.o(.bss)
    QUICKSORT_DATA                           0x20001022   Data          30  mpu6050.o(.bss)
    Receive_Buffer                           0x20001040   Data          64  usb_endp.o(.bss)
    Transi_Buffer                            0x20001080   Data          64  usb_endp.o(.bss)
    Device_Info                              0x200010c0   Data          28  usb_init.o(.bss)
    __initial_sp                             0x200014e0   Data           0  startup_stm32f10x_hd.o(STACK)



==============================================================================

Memory Map of the image

  Image Entry point : 0x08000131

  Load Region LR_IROM1 (Base: 0x08000000, Size: 0x00005fa0, Max: 0x00080000, ABSOLUTE, COMPRESSED[0x00005948])

    Execution Region ER_IROM1 (Base: 0x08000000, Size: 0x00005514, Max: 0x00080000, ABSOLUTE)

    Base Addr    Size         Type   Attr      Idx    E Section Name        Object

    0x08000000   0x00000130   Data   RO          446    RESET               startup_stm32f10x_hd.o
    0x08000130   0x00000000   Code   RO         5402  * .ARM.Collect$$$$00000000  mc_w.l(entry.o)
    0x08000130   0x00000004   Code   RO         5701    .ARM.Collect$$$$00000001  mc_w.l(entry2.o)
    0x08000134   0x00000004   Code   RO         5704    .ARM.Collect$$$$00000004  mc_w.l(entry5.o)
    0x08000138   0x00000000   Code   RO         5706    .ARM.Collect$$$$00000008  mc_w.l(entry7b.o)
    0x08000138   0x00000000   Code   RO         5708    .ARM.Collect$$$$0000000A  mc_w.l(entry8b.o)
    0x08000138   0x00000008   Code   RO         5709    .ARM.Collect$$$$0000000B  mc_w.l(entry9a.o)
    0x08000140   0x00000000   Code   RO         5711    .ARM.Collect$$$$0000000D  mc_w.l(entry10a.o)
    0x08000140   0x00000000   Code   RO         5713    .ARM.Collect$$$$0000000F  mc_w.l(entry11a.o)
    0x08000140   0x00000004   Code   RO         5702    .ARM.Collect$$$$00002712  mc_w.l(entry2.o)
    0x08000144   0x00000024   Code   RO          447    .text               startup_stm32f10x_hd.o
    0x08000168   0x00000024   Code   RO         5405    .text               mc_w.l(memseta.o)
    0x0800018c   0x000000b0   Code   RO         5667    .text               mf_w.l(fadd.o)
    0x0800023c   0x00000064   Code   RO         5669    .text               mf_w.l(fmul.o)
    0x080002a0   0x0000007c   Code   RO         5671    .text               mf_w.l(fdiv.o)
    0x0800031c   0x0000014e   Code   RO         5673    .text               mf_w.l(dadd.o)
    0x0800046a   0x000000e4   Code   RO         5675    .text               mf_w.l(dmul.o)
    0x0800054e   0x00000012   Code   RO         5679    .text               mf_w.l(fflti.o)
    0x08000560   0x0000001a   Code   RO         5683    .text               mf_w.l(dfltui.o)
    0x0800057a   0x00000032   Code   RO         5685    .text               mf_w.l(ffixi.o)
    0x080005ac   0x00000032   Code   RO         5691    .text               mf_w.l(dfixui.o)
    0x080005de   0x00000002   PAD
    0x080005e0   0x00000014   Code   RO         5697    .text               mf_w.l(cfcmple.o)
    0x080005f4   0x00000014   Code   RO         5699    .text               mf_w.l(cfrcmple.o)
    0x08000608   0x0000001e   Code   RO         5720    .text               mc_w.l(llshl.o)
    0x08000626   0x00000020   Code   RO         5722    .text               mc_w.l(llushr.o)
    0x08000646   0x00000024   Code   RO         5724    .text               mc_w.l(llsshr.o)
    0x0800066a   0x00000000   Code   RO         5726    .text               mc_w.l(iusefp.o)
    0x0800066a   0x0000006e   Code   RO         5727    .text               mf_w.l(fepilogue.o)
    0x080006d8   0x000000ba   Code   RO         5729    .text               mf_w.l(depilogue.o)
    0x08000792   0x00000002   PAD
    0x08000794   0x00000024   Code   RO         5735    .text               mc_w.l(init.o)
    0x080007b8   0x0000005e   Code   RO         5745    .text               mc_w.l(__dclz77c.o)
    0x08000816   0x00000016   Code   RO          493    i.ADC_Cmd           stm32f10x_adc.o
    0x0800082c   0x00000016   Code   RO          494    i.ADC_DMACmd        stm32f10x_adc.o
    0x08000842   0x00000002   PAD
    0x08000844   0x00000150   Code   RO         3859    i.ADC_DMA_Init      adc_dma.o
    0x08000994   0x00000014   Code   RO          501    i.ADC_GetCalibrationStatus  stm32f10x_adc.o
    0x080009a8   0x00000014   Code   RO          507    i.ADC_GetResetCalibrationStatus  stm32f10x_adc.o
    0x080009bc   0x00000050   Code   RO          511    i.ADC_Init          stm32f10x_adc.o
    0x08000a0c   0x000000b8   Code   RO          515    i.ADC_RegularChannelConfig  stm32f10x_adc.o
    0x08000ac4   0x0000000a   Code   RO          516    i.ADC_ResetCalibration  stm32f10x_adc.o
    0x08000ace   0x00000016   Code   RO          518    i.ADC_SoftwareStartConvCmd  stm32f10x_adc.o
    0x08000ae4   0x0000000a   Code   RO          520    i.ADC_StartCalibration  stm32f10x_adc.o
    0x08000aee   0x00000002   PAD
    0x08000af0   0x00000198   Code   RO         3860    i.ADC_data_filter   adc_dma.o
    0x08000c88   0x0000001e   Code   RO         3920    i.AHRS_CheckSum     ahrs_ringbuffer.o
    0x08000ca6   0x00000002   PAD
    0x08000ca8   0x00000054   Code   RO         3921    i.AHRSdataDecode_A  ahrs_ringbuffer.o
    0x08000cfc   0x000000ac   Code   RO         3922    i.AHRSdataDecode_B  ahrs_ringbuffer.o
    0x08000da8   0x000000ac   Code   RO         3923    i.AHRSdataDecode_C  ahrs_ringbuffer.o
    0x08000e54   0x00000004   Code   RO          217    i.BusFault_Handler  stm32f10x_it.o
    0x08000e58   0x0000000c   Code   RO         5042    i.ByteSwap          usb_regs.o
    0x08000e64   0x00000038   Code   RO         3451    i.CRC16             crc16.o
    0x08000e9c   0x00000328   Code   RO         4995    i.CTR_LP            usb_int.o
    0x080011c4   0x00000034   Code   RO         5043    i.ClearDTOG_RX      usb_regs.o
    0x080011f8   0x00000034   Code   RO         5044    i.ClearDTOG_TX      usb_regs.o
    0x0800122c   0x00000020   Code   RO         5049    i.Clear_Status_Out  usb_regs.o
    0x0800124c   0x0000007c   Code   RO         4678    i.CustomHID_Data_Setup  usb_prop.o
    0x080012c8   0x00000014   Code   RO         4679    i.CustomHID_GetConfigDescriptor  usb_prop.o
    0x080012dc   0x00000014   Code   RO         4680    i.CustomHID_GetDeviceDescriptor  usb_prop.o
    0x080012f0   0x00000014   Code   RO         4681    i.CustomHID_GetHIDDescriptor  usb_prop.o
    0x08001304   0x0000001c   Code   RO         4682    i.CustomHID_GetProtocolValue  usb_prop.o
    0x08001320   0x00000014   Code   RO         4683    i.CustomHID_GetReportDescriptor  usb_prop.o
    0x08001334   0x00000028   Code   RO         4684    i.CustomHID_GetStringDescriptor  usb_prop.o
    0x0800135c   0x00000016   Code   RO         4685    i.CustomHID_Get_Interface_Setting  usb_prop.o
    0x08001372   0x00000002   PAD
    0x08001374   0x00000024   Code   RO         4686    i.CustomHID_NoData_Setup  usb_prop.o
    0x08001398   0x000000c0   Code   RO         4687    i.CustomHID_Reset   usb_prop.o
    0x08001458   0x00000018   Code   RO         4688    i.CustomHID_SetConfiguration  usb_prop.o
    0x08001470   0x0000000c   Code   RO         4689    i.CustomHID_SetDeviceAddress  usb_prop.o
    0x0800147c   0x00000018   Code   RO         4690    i.CustomHID_SetProtocol  usb_prop.o
    0x08001494   0x00000002   Code   RO         4691    i.CustomHID_Status_In  usb_prop.o
    0x08001496   0x00000002   Code   RO         4692    i.CustomHID_Status_Out  usb_prop.o
    0x08001498   0x00000044   Code   RO         4693    i.CustomHID_init    usb_prop.o
    0x080014dc   0x000000e8   Code   RO         4453    i.DC_MOTOR_PWM_Init  dc_motor.o
    0x080015c4   0x00000050   Code   RO         4454    i.DC_MOTOR_System_Init  dc_motor.o
    0x08001614   0x00000038   Code   RO         4455    i.DC_Motor_Init     dc_motor.o
    0x0800164c   0x00000018   Code   RO         1190    i.DMA_Cmd           stm32f10x_dma.o
    0x08001664   0x0000014c   Code   RO         1191    i.DMA_DeInit        stm32f10x_dma.o
    0x080017b0   0x0000003c   Code   RO         1196    i.DMA_Init          stm32f10x_dma.o
    0x080017ec   0x000000c0   Code   RO         4852    i.DataStageIn       usb_core.o
    0x080018ac   0x000000bc   Code   RO         4853    i.DataStageOut      usb_core.o
    0x08001968   0x00000298   Code   RO         4854    i.Data_Setup0       usb_core.o
    0x08001c00   0x00000002   Code   RO          218    i.DebugMon_Handler  stm32f10x_it.o
    0x08001c02   0x00000002   PAD
    0x08001c04   0x00000028   Code   RO         4635    i.EP1_OUT_Callback  usb_endp.o
    0x08001c2c   0x00000018   Code   RO         4636    i.EP2_IN_Callback   usb_endp.o
    0x08001c44   0x00000012   Code   RO          219    i.EXTI0_IRQHandler  stm32f10x_it.o
    0x08001c56   0x00000002   PAD
    0x08001c58   0x000000a8   Code   RO          220    i.EXTI15_10_IRQHandler  stm32f10x_it.o
    0x08001d00   0x00000012   Code   RO          221    i.EXTI1_IRQHandler  stm32f10x_it.o
    0x08001d12   0x00000012   Code   RO          222    i.EXTI2_IRQHandler  stm32f10x_it.o
    0x08001d24   0x00000012   Code   RO          223    i.EXTI3_IRQHandler  stm32f10x_it.o
    0x08001d36   0x00000012   Code   RO          224    i.EXTI4_IRQHandler  stm32f10x_it.o
    0x08001d48   0x0000000c   Code   RO         1261    i.EXTI_ClearITPendingBit  stm32f10x_exti.o
    0x08001d54   0x00000028   Code   RO         1265    i.EXTI_GetITStatus  stm32f10x_exti.o
    0x08001d7c   0x00000094   Code   RO         1266    i.EXTI_Init         stm32f10x_exti.o
    0x08001e10   0x0000000c   Code   RO         4556    i.Enter_LowPowerMode  hw_config.o
    0x08001e1c   0x00000116   Code   RO         1620    i.GPIO_Init         stm32f10x_gpio.o
    0x08001f32   0x00000012   Code   RO         1624    i.GPIO_ReadInputDataBit  stm32f10x_gpio.o
    0x08001f44   0x00000004   Code   RO         1627    i.GPIO_ResetBits    stm32f10x_gpio.o
    0x08001f48   0x00000004   Code   RO         1628    i.GPIO_SetBits      stm32f10x_gpio.o
    0x08001f4c   0x00000020   Code   RO         5061    i.GetEPRxAddr       usb_regs.o
    0x08001f6c   0x00000020   Code   RO         5064    i.GetEPTxAddr       usb_regs.o
    0x08001f8c   0x0000000e   Code   RO         3924    i.Get_AHRS_Value    ahrs_ringbuffer.o
    0x08001f9a   0x00000002   PAD
    0x08001f9c   0x00000070   Code   RO         4282    i.Get_Percussion_Flag  mpu6050.o
    0x0800200c   0x00000002   Code   RO         4557    i.Get_SerialNum     hw_config.o
    0x0800200e   0x00000004   Code   RO          225    i.HardFault_Handler  stm32f10x_it.o
    0x08002012   0x00000002   PAD
    0x08002014   0x00000070   Code   RO         4855    i.In0_Process       usb_core.o
    0x08002084   0x00000034   Code   RO         4243    i.LED_Init          led.o
    0x080020b8   0x00000098   Code   RO         4244    i.LED_RED_Init      led.o
    0x08002150   0x000000ec   Code   RO         4245    i.LED_RGB_Init      led.o
    0x0800223c   0x00000020   Code   RO         4558    i.Leave_LowPowerMode  hw_config.o
    0x0800225c   0x00000084   Code   RO         4284    i.MPU6050_AVERAGE   mpu6050.o
    0x080022e0   0x00000220   Code   RO         4285    i.MPU6050_Acc_Detect  mpu6050.o
    0x08002500   0x0000001c   Code   RO         4287    i.MPU6050_IS_NULL   mpu6050.o
    0x0800251c   0x00000044   Code   RO         4288    i.MPU6050_MINUS     mpu6050.o
    0x08002560   0x000002cc   Code   RO         4289    i.MPU6050_READ_FIFO  mpu6050.o
    0x0800282c   0x00000044   Code   RO         4290    i.MPU6050_Read_Acc  mpu6050.o
    0x08002870   0x00000004   Code   RO          226    i.MemManage_Handler  stm32f10x_it.o
    0x08002874   0x0000002e   Code   RO         4456    i.MotorSaturation   dc_motor.o
    0x080028a2   0x00000002   PAD
    0x080028a4   0x00000050   Code   RO         4457    i.Motor_control     dc_motor.o
    0x080028f4   0x0000005c   Code   RO         4458    i.Motor_state       dc_motor.o
    0x08002950   0x00000002   Code   RO          227    i.NMI_Handler       stm32f10x_it.o
    0x08002952   0x00000002   Code   RO         4856    i.NOP_Process       usb_core.o
    0x08002954   0x0000000c   Code   RO         3774    i.NVIC_Configuration  sys.o
    0x08002960   0x00000070   Code   RO          451    i.NVIC_Init         misc.o
    0x080029d0   0x00000014   Code   RO          452    i.NVIC_PriorityGroupConfig  misc.o
    0x080029e4   0x00000144   Code   RO         4857    i.NoData_Setup0     usb_core.o
    0x08002b28   0x00000050   Code   RO         4858    i.Out0_Process      usb_core.o
    0x08002b78   0x00000028   Code   RO         5024    i.PMAToUserBufferCopy  usb_mem.o
    0x08002ba0   0x000000cc   Code   RO         4459    i.P_motor_control   dc_motor.o
    0x08002c6c   0x00000054   Code   RO         3554    i.Parse_Pack_Data_LED  protocol.o
    0x08002cc0   0x00000058   Code   RO         3555    i.Parse_Pack_Data_MotorA  protocol.o
    0x08002d18   0x00000058   Code   RO         3556    i.Parse_Pack_Data_MotorB  protocol.o
    0x08002d70   0x000000e0   Code   RO         3557    i.Parse_Pack_Data_RGB  protocol.o
    0x08002e50   0x00000038   Code   RO         3558    i.Parsed_Data_FromPC  protocol.o
    0x08002e88   0x0000007a   Code   RO         4292    i.Partition         mpu6050.o
    0x08002f02   0x00000002   Code   RO          228    i.PendSV_Handler    stm32f10x_it.o
    0x08002f04   0x00000048   Code   RO         4859    i.Post0_Process     usb_core.o
    0x08002f4c   0x00000040   Code   RO         4792    i.PowerOn           usb_pwr.o
    0x08002f8c   0x0000008c   Code   RO         4293    i.Quick_Sort        mpu6050.o
    0x08003018   0x00000018   Code   RO         2040    i.RCC_ADCCLKConfig  stm32f10x_rcc.o
    0x08003030   0x00000020   Code   RO         2041    i.RCC_AHBPeriphClockCmd  stm32f10x_rcc.o
    0x08003050   0x00000020   Code   RO         2042    i.RCC_APB1PeriphClockCmd  stm32f10x_rcc.o
    0x08003070   0x00000020   Code   RO         2044    i.RCC_APB2PeriphClockCmd  stm32f10x_rcc.o
    0x08003090   0x000000d4   Code   RO         2052    i.RCC_GetClocksFreq  stm32f10x_rcc.o
    0x08003164   0x0000000c   Code   RO         2070    i.RCC_USBCLKConfig  stm32f10x_rcc.o
    0x08003170   0x00000040   Code   RO         4377    i.Relay_Init        relay.o
    0x080031b0   0x00000044   Code   RO         4460    i.Reset_Motor       dc_motor.o
    0x080031f4   0x000000b0   Code   RO         4793    i.Resume            usb_pwr.o
    0x080032a4   0x00000024   Code   RO         4794    i.Resume_Init       usb_pwr.o
    0x080032c8   0x00000002   Code   RO          229    i.SVC_Handler       stm32f10x_it.o
    0x080032ca   0x00000002   PAD
    0x080032cc   0x000000cc   Code   RO         4401    i.SWITCH_IO_Detection  switch.o
    0x08003398   0x0000002c   Code   RO         4402    i.SWITCH_IO_Init    switch.o
    0x080033c4   0x00000032   Code   RO         3559    i.SendCRCDataToPC   protocol.o
    0x080033f6   0x00000002   PAD
    0x080033f8   0x00000010   Code   RO         5072    i.SetBTABLE         usb_regs.o
    0x08003408   0x0000004c   Code   RO         4860    i.SetDeviceAddress  usb_core.o
    0x08003454   0x00000024   Code   RO         5086    i.SetEPRxAddr       usb_regs.o
    0x08003478   0x0000004c   Code   RO         5087    i.SetEPRxCount      usb_regs.o
    0x080034c4   0x00000038   Code   RO         5088    i.SetEPRxStatus     usb_regs.o
    0x080034fc   0x0000002c   Code   RO         5089    i.SetEPRxValid      usb_regs.o
    0x08003528   0x00000020   Code   RO         5090    i.SetEPTxAddr       usb_regs.o
    0x08003548   0x0000001c   Code   RO         5091    i.SetEPTxCount      usb_regs.o
    0x08003564   0x00000038   Code   RO         5092    i.SetEPTxStatus     usb_regs.o
    0x0800359c   0x0000002c   Code   RO         5093    i.SetEPTxValid      usb_regs.o
    0x080035c8   0x00000024   Code   RO         5094    i.SetEPType         usb_regs.o
    0x080035ec   0x00000030   Code   RO         4246    i.SetLED_RED_Value  led.o
    0x0800361c   0x00000060   Code   RO         4247    i.SetLED_RGB_Value  led.o
    0x0800367c   0x00000008   Code   RO          399    i.SetSysClock       system_stm32f10x.o
    0x08003684   0x000000e0   Code   RO          400    i.SetSysClockTo72   system_stm32f10x.o
    0x08003764   0x00000012   Code   RO         4559    i.Set_USBClock      hw_config.o
    0x08003776   0x00000002   PAD
    0x08003778   0x000000b0   Code   RO         4861    i.Setup0_Process    usb_core.o
    0x08003828   0x0000015c   Code   RO         4862    i.Standard_ClearFeature  usb_core.o
    0x08003984   0x0000002c   Code   RO         4863    i.Standard_GetConfiguration  usb_core.o
    0x080039b0   0x00000024   Code   RO         4864    i.Standard_GetDescriptorData  usb_core.o
    0x080039d4   0x0000002c   Code   RO         4865    i.Standard_GetInterface  usb_core.o
    0x08003a00   0x000000f0   Code   RO         4866    i.Standard_GetStatus  usb_core.o
    0x08003af0   0x00000048   Code   RO         4867    i.Standard_SetConfiguration  usb_core.o
    0x08003b38   0x00000028   Code   RO         4868    i.Standard_SetDeviceFeature  usb_core.o
    0x08003b60   0x000000c0   Code   RO         4869    i.Standard_SetEndPointFeature  usb_core.o
    0x08003c20   0x0000006c   Code   RO         4870    i.Standard_SetInterface  usb_core.o
    0x08003c8c   0x00000028   Code   RO         4795    i.Suspend           usb_pwr.o
    0x08003cb4   0x00000028   Code   RO          455    i.SysTick_CLKSourceConfig  misc.o
    0x08003cdc   0x00000002   Code   RO          230    i.SysTick_Handler   stm32f10x_it.o
    0x08003cde   0x00000002   PAD
    0x08003ce0   0x00000060   Code   RO          402    i.SystemInit        system_stm32f10x.o
    0x08003d40   0x0000001c   Code   RO          231    i.TIM1_UP_IRQHandler  stm32f10x_it.o
    0x08003d5c   0x000000fc   Code   RO          232    i.TIM2_IRQHandler   stm32f10x_it.o
    0x08003e58   0x0000001c   Code   RO          233    i.TIM3_IRQHandler   stm32f10x_it.o
    0x08003e74   0x0000001c   Code   RO          234    i.TIM4_IRQHandler   stm32f10x_it.o
    0x08003e90   0x0000001c   Code   RO          235    i.TIM5_IRQHandler   stm32f10x_it.o
    0x08003eac   0x0000001c   Code   RO          236    i.TIM8_UP_IRQHandler  stm32f10x_it.o
    0x08003ec8   0x00000018   Code   RO         2670    i.TIM_ARRPreloadConfig  stm32f10x_tim.o
    0x08003ee0   0x00000006   Code   RO         2677    i.TIM_ClearITPendingBit  stm32f10x_tim.o
    0x08003ee6   0x00000018   Code   RO         2682    i.TIM_Cmd           stm32f10x_tim.o
    0x08003efe   0x00000022   Code   RO         2703    i.TIM_GetITStatus   stm32f10x_tim.o
    0x08003f20   0x00000012   Code   RO         2707    i.TIM_ITConfig      stm32f10x_tim.o
    0x08003f32   0x00000002   PAD
    0x08003f34   0x00000098   Code   RO         2711    i.TIM_OC1Init       stm32f10x_tim.o
    0x08003fcc   0x00000012   Code   RO         2714    i.TIM_OC1PreloadConfig  stm32f10x_tim.o
    0x08003fde   0x00000002   PAD
    0x08003fe0   0x000000a4   Code   RO         2716    i.TIM_OC2Init       stm32f10x_tim.o
    0x08004084   0x0000001a   Code   RO         2719    i.TIM_OC2PreloadConfig  stm32f10x_tim.o
    0x0800409e   0x00000002   PAD
    0x080040a0   0x000000a0   Code   RO         2721    i.TIM_OC3Init       stm32f10x_tim.o
    0x08004140   0x00000012   Code   RO         2724    i.TIM_OC3PreloadConfig  stm32f10x_tim.o
    0x08004152   0x00000002   PAD
    0x08004154   0x0000007c   Code   RO         2726    i.TIM_OC4Init       stm32f10x_tim.o
    0x080041d0   0x0000001a   Code   RO         2728    i.TIM_OC4PreloadConfig  stm32f10x_tim.o
    0x080041ea   0x00000004   Code   RO         2743    i.TIM_SetCompare1   stm32f10x_tim.o
    0x080041ee   0x00000004   Code   RO         2744    i.TIM_SetCompare2   stm32f10x_tim.o
    0x080041f2   0x00000004   Code   RO         2745    i.TIM_SetCompare3   stm32f10x_tim.o
    0x080041f6   0x00000006   Code   RO         2746    i.TIM_SetCompare4   stm32f10x_tim.o
    0x080041fc   0x000000a4   Code   RO         2753    i.TIM_TimeBaseInit  stm32f10x_tim.o
    0x080042a0   0x0000005a   Code   RO         3786    i.Time_Init         time_user.o
    0x080042fa   0x00000002   PAD
    0x080042fc   0x0000004c   Code   RO          237    i.UART4_IRQHandler  stm32f10x_it.o
    0x08004348   0x0000004c   Code   RO          238    i.UART5_IRQHandler  stm32f10x_it.o
    0x08004394   0x0000004c   Code   RO          239    i.USART1_IRQHandler  stm32f10x_it.o
    0x080043e0   0x0000004c   Code   RO          240    i.USART2_IRQHandler  stm32f10x_it.o
    0x0800442c   0x0000001e   Code   RO         3215    i.USART_ClearITPendingBit  stm32f10x_usart.o
    0x0800444a   0x00000018   Code   RO         3218    i.USART_Cmd         stm32f10x_usart.o
    0x08004462   0x0000001a   Code   RO         3221    i.USART_GetFlagStatus  stm32f10x_usart.o
    0x0800447c   0x00000054   Code   RO         3222    i.USART_GetITStatus  stm32f10x_usart.o
    0x080044d0   0x0000004a   Code   RO         3224    i.USART_ITConfig    stm32f10x_usart.o
    0x0800451a   0x00000002   PAD
    0x0800451c   0x000000d8   Code   RO         3225    i.USART_Init        stm32f10x_usart.o
    0x080045f4   0x0000000a   Code   RO         3232    i.USART_ReceiveData  stm32f10x_usart.o
    0x080045fe   0x00000008   Code   RO         3235    i.USART_SendData    stm32f10x_usart.o
    0x08004606   0x0000000c   Code   RO          241    i.USBWakeUp_IRQHandler  stm32f10x_it.o
    0x08004612   0x00000002   PAD
    0x08004614   0x00000020   Code   RO         4560    i.USB_Cable_Config  hw_config.o
    0x08004634   0x0000002c   Code   RO         4561    i.USB_GPIO_Configuration  hw_config.o
    0x08004660   0x00000024   Code   RO         4833    i.USB_GetData       usbio.o
    0x08004684   0x0000003c   Code   RO         4971    i.USB_Init          usb_init.o
    0x080046c0   0x00000052   Code   RO         4562    i.USB_Interrupts_Config  hw_config.o
    0x08004712   0x00000002   PAD
    0x08004714   0x000000f8   Code   RO         4657    i.USB_Istr          usb_istr.o
    0x0800480c   0x00000008   Code   RO          242    i.USB_LP_CAN1_RX0_IRQHandler  stm32f10x_it.o
    0x08004814   0x00000058   Code   RO            1    i.USB_PORT_SET      main.o
    0x0800486c   0x00000024   Code   RO         4834    i.USB_SendData      usbio.o
    0x08004890   0x000000dc   Code   RO         3866    i.Update_ADC_Value  adc_dma.o
    0x0800496c   0x00000020   Code   RO         4405    i.Update_IO_Value   switch.o
    0x0800498c   0x00000024   Code   RO         4294    i.Update_Percussion_Value  mpu6050.o
    0x080049b0   0x00000004   Code   RO          243    i.UsageFault_Handler  stm32f10x_it.o
    0x080049b4   0x00000038   Code   RO         5025    i.UserToPMABufferCopy  usb_mem.o
    0x080049ec   0x00000010   Code   RO         5408    i.__0printf$bare    mc_w.l(printfb.o)
    0x080049fc   0x0000000e   Code   RO         5739    i.__scatterload_copy  mc_w.l(handlers.o)
    0x08004a0a   0x00000002   Code   RO         5740    i.__scatterload_null  mc_w.l(handlers.o)
    0x08004a0c   0x0000000e   Code   RO         5741    i.__scatterload_zeroinit  mc_w.l(handlers.o)
    0x08004a1a   0x00000022   Code   RO         5415    i._printf_core      mc_w.l(printfb.o)
    0x08004a3c   0x00000034   Code   RO         3928    i.ahrs_Configure    ahrs_ringbuffer.o
    0x08004a70   0x00000038   Code   RO         3929    i.ahrs_Decode_A     ahrs_ringbuffer.o
    0x08004aa8   0x00000038   Code   RO         3930    i.ahrs_Decode_B     ahrs_ringbuffer.o
    0x08004ae0   0x00000038   Code   RO         3931    i.ahrs_Decode_C     ahrs_ringbuffer.o
    0x08004b18   0x00000044   Code   RO         3932    i.ahrs_IsReadyToRead  ahrs_ringbuffer.o
    0x08004b5c   0x000001d4   Code   RO         3933    i.ahrs_Update       ahrs_ringbuffer.o
    0x08004d30   0x00000044   Code   RO         3507    i.delay_init        delay.o
    0x08004d74   0x0000004c   Code   RO         3508    i.delay_ms          delay.o
    0x08004dc0   0x00000024   Code   RO            3    i.fputc             main.o
    0x08004de4   0x00000054   Code   RO         4461    i.get_target_value  dc_motor.o
    0x08004e38   0x00000238   Code   RO            4    i.main              main.o
    0x08005070   0x00000028   Code   RO         4462    i.motor_led_alarm   dc_motor.o
    0x08005098   0x0000000e   Code   RO         3610    i.rbClear           ringbuffer.o
    0x080050a6   0x00000012   Code   RO         3612    i.rbInitialize      ringbuffer.o
    0x080050b8   0x00000012   Code   RO         3613    i.rbIsEmpty         ringbuffer.o
    0x080050ca   0x0000002c   Code   RO         3615    i.rbPop             ringbuffer.o
    0x080050f6   0x00000024   Code   RO         3616    i.rbPush            ringbuffer.o
    0x0800511a   0x00000002   PAD
    0x0800511c   0x000000a0   Code   RO         4463    i.send_motor_pwm    dc_motor.o
    0x080051bc   0x00000018   Code   RO         4464    i.stop_motor_pwm    dc_motor.o
    0x080051d4   0x0000008c   Code   RO         3801    i.uart4_init        usart.o
    0x08005260   0x00000090   Code   RO         3802    i.uart5_init        usart.o
    0x080052f0   0x0000001e   Code   RO         3803    i.uart_init         usart.o
    0x0800530e   0x00000002   PAD
    0x08005310   0x000000a8   Code   RO         3804    i.usart1_init       usart.o
    0x080053b8   0x000000a4   Code   RO         3805    i.usart2_init       usart.o
    0x0800545c   0x00000096   Data   RO         4623    .constdata          usb_desc.o
    0x080054f2   0x00000002   PAD
    0x080054f4   0x00000020   Data   RO         5737    Region$$Table       anon$$obj.o


    Execution Region RW_IRAM1 (Base: 0x20000000, Size: 0x000014e0, Max: 0x00010000, ABSOLUTE, COMPRESSED[0x00000434])

    Base Addr    Size         Type   Attr      Idx    E Section Name        Object

    0x20000000   0x0000040c   Data   RW            5    .data               main.o
    0x2000040c   0x00000014   Data   RW          244    .data               stm32f10x_it.o
    0x20000420   0x00000014   Data   RW          403    .data               system_stm32f10x.o
    0x20000434   0x00000014   Data   RW         2072    .data               stm32f10x_rcc.o
    0x20000448   0x00000400   Data   RW         3453    .data               crc16.o
    0x20000848   0x00000004   Data   RW         3510    .data               delay.o
    0x2000084c   0x00000004   PAD
    0x20000850   0x00000031   Data   RW         3868    .data               adc_dma.o
    0x20000881   0x00000003   PAD
    0x20000884   0x00000088   Data   RW         3937    .data               ahrs_ringbuffer.o
    0x2000090c   0x00000008   Data   RW         4248    .data               led.o
    0x20000914   0x00000036   Data   RW         4296    .data               mpu6050.o
    0x2000094a   0x00000002   PAD
    0x2000094c   0x00000010   Data   RW         4407    .data               switch.o
    0x2000095c   0x0000002c   Data   RW         4465    .data               dc_motor.o
    0x20000988   0x00000001   Data   RW         4638    .data               usb_endp.o
    0x20000989   0x00000003   PAD
    0x2000098c   0x0000003c   Data   RW         4658    .data               usb_istr.o
    0x200009c8   0x0000009c   Data   RW         4694    .data               usb_prop.o
    0x20000a64   0x00000007   Data   RW         4796    .data               usb_pwr.o
    0x20000a6b   0x00000001   PAD
    0x20000a6c   0x00000003   Data   RW         4871    .data               usb_core.o
    0x20000a6f   0x00000001   PAD
    0x20000a70   0x00000014   Data   RW         4973    .data               usb_init.o
    0x20000a84   0x00000004   Data   RW         4996    .data               usb_int.o
    0x20000a88   0x00000004   Data   RW         5715    .data               mc_w.l(stdout.o)
    0x20000a8c   0x00000004   PAD
    0x20000a90   0x00000444   Zero   RW         3867    .bss                adc_dma.o
    0x20000ed4   0x00000109   Zero   RW         3936    .bss                ahrs_ringbuffer.o
    0x20000fdd   0x00000003   PAD
    0x20000fe0   0x00000060   Zero   RW         4295    .bss                mpu6050.o
    0x20001040   0x00000080   Zero   RW         4637    .bss                usb_endp.o
    0x200010c0   0x0000001c   Zero   RW         4972    .bss                usb_init.o
    0x200010dc   0x00000004   PAD
    0x200010e0   0x00000400   Zero   RW          444    STACK               startup_stm32f10x_hd.o


==============================================================================

Image component sizes


      Code (inc. data)   RO Data    RW Data    ZI Data      Debug   Object Name

       964         62          0         49       1092       4385   adc_dma.o
      1228        210          0        136        265       9563   ahrs_ringbuffer.o
         0          0          0          0          0         32   core_cm3.o
        56          8          0       1024          0       1208   crc16.o
      1166        138          0         44          0       7133   dc_motor.o
       144         22          0          4          0       1168   delay.o
       222         26          0          0          0       4145   hw_config.o
       584         60          0          8          0       3183   led.o
       692         76          0       1036          0     283604   main.o
       172         22          0          0          0       2057   misc.o
      1966         92          0         54         96       7573   mpu6050.o
       590         52          0          0          0       4021   protocol.o
        64         12          0          0          0        501   relay.o
       130          0          0          0          0       3110   ringbuffer.o
        36          8        304          0       1024        796   startup_stm32f10x_hd.o
       390         10          0          0          0       7341   stm32f10x_adc.o
       416          8          0          0          0       3418   stm32f10x_dma.o
       200         18          0          0          0       2100   stm32f10x_exti.o
       304          0          0          0          0       3632   stm32f10x_gpio.o
      1000        134          0         20          0      13658   stm32f10x_it.o
       344         50          0         20          0       6040   stm32f10x_rcc.o
       976         92          0          0          0      11381   stm32f10x_tim.o
       472          6          0          0          0       6739   stm32f10x_usart.o
       280         20          0         16          0       3523   switch.o
        12          0          0          0          0        457   sys.o
       328         28          0         20          0       2161   system_stm32f10x.o
        90          0          0          0          0        556   time_user.o
       646         36          0          0          0       3238   usart.o
      3010        288          0          3          0      13971   usb_core.o
         0          0        150          0          0       1092   usb_desc.o
        64         14          0          1        128       1715   usb_endp.o
        60         24          0         20         28       4002   usb_init.o
       808         34          0          4          0       1629   usb_int.o
       248         26          0         60          0       1376   usb_istr.o
        96         10          0          0          0       1700   usb_mem.o
       654        116          0        156          0      12657   usb_prop.o
       316         38          0          7          0       3526   usb_pwr.o
       636         96          0          0          0       8820   usb_regs.o
        72          4          0          0          0       1636   usbio.o

    ----------------------------------------------------------------------
     19482       1840        488       2696       2640     448847   Object Totals
         0          0         32          0          0          0   (incl. Generated)
        46          0          2         14          7          0   (incl. Padding)

    ----------------------------------------------------------------------

      Code (inc. data)   RO Data    RW Data    ZI Data      Debug   Library Member Name

        94          0          0          0          0          0   __dclz77c.o
         0          0          0          0          0          0   entry.o
         0          0          0          0          0          0   entry10a.o
         0          0          0          0          0          0   entry11a.o
         8          4          0          0          0          0   entry2.o
         4          0          0          0          0          0   entry5.o
         0          0          0          0          0          0   entry7b.o
         0          0          0          0          0          0   entry8b.o
         8          4          0          0          0          0   entry9a.o
        30          0          0          0          0          0   handlers.o
        36          8          0          0          0         68   init.o
         0          0          0          0          0          0   iusefp.o
        30          0          0          0          0         68   llshl.o
        36          0          0          0          0         68   llsshr.o
        32          0          0          0          0         68   llushr.o
        36          0          0          0          0        108   memseta.o
        50          8          0          0          0        152   printfb.o
         0          0          0          4          0          0   stdout.o
        20          0          0          0          0         68   cfcmple.o
        20          0          0          0          0         68   cfrcmple.o
       334          0          0          0          0        148   dadd.o
       186          0          0          0          0        176   depilogue.o
        50          0          0          0          0         76   dfixui.o
        26          0          0          0          0         76   dfltui.o
       228          0          0          0          0         96   dmul.o
       176          0          0          0          0        140   fadd.o
       124          0          0          0          0         88   fdiv.o
       110          0          0          0          0        168   fepilogue.o
        50          0          0          0          0         68   ffixi.o
        18          0          0          0          0         68   fflti.o
       100          0          0          0          0         76   fmul.o

    ----------------------------------------------------------------------
      1810         24          0          4          4       1848   Library Totals
         4          0          0          0          4          0   (incl. Padding)

    ----------------------------------------------------------------------

      Code (inc. data)   RO Data    RW Data    ZI Data      Debug   Library Name

       364         24          0          4          0        532   mc_w.l
      1442          0          0          0          0       1316   mf_w.l

    ----------------------------------------------------------------------
      1810         24          0          4          4       1848   Library Totals

    ----------------------------------------------------------------------

==============================================================================


      Code (inc. data)   RO Data    RW Data    ZI Data      Debug   

     21292       1864        488       2700       2644     438551   Grand Totals
     21292       1864        488       1076       2644     438551   ELF Image Totals (compressed)
     21292       1864        488       1076          0          0   ROM Totals

==============================================================================

    Total RO  Size (Code + RO Data)                21780 (  21.27kB)
    Total RW  Size (RW Data + ZI Data)              5344 (   5.22kB)
    Total ROM Size (Code + RO Data + RW Data)      22856 (  22.32kB)

==============================================================================

